#
# There is insufficient memory for the Java Runtime Environment to continue.
# Native memory allocation (malloc) failed to allocate 1234576 bytes for Chunk::new
# Possible reasons:
#   The system is out of physical RAM or swap space
#   The process is running with CompressedOops enabled, and the Java Heap may be blocking the growth of the native heap
# Possible solutions:
#   Reduce memory load on the system
#   Increase physical memory or swap space
#   Check if swap backing store is full
#   Decrease Java heap size (-Xmx/-Xms)
#   Decrease number of Java threads
#   Decrease Java thread stack sizes (-Xss)
#   Set larger code cache with -XX:ReservedCodeCacheSize=
#   JVM is running with Zero Based Compressed Oops mode in which the Java heap is
#     placed in the first 32GB address space. The Java Heap base address is the
#     maximum limit for the native heap growth. Please use -XX:HeapBaseMinAddress
#     to set the Java Heap base and to place the Java Heap above 32GB virtual address.
# This output file may be truncated or incomplete.
#
#  Out of Memory Error (t:/workspace/open/src/hotspot/share/memory/arena.cpp:197), pid=9308, tid=13816
#
# JRE version: OpenJDK Runtime Environment (11.0.2+9) (build 11.0.2+9)
# Java VM: OpenJDK 64-Bit Server VM (11.0.2+9, mixed mode, tiered, compressed oops, g1 gc, windows-amd64)
# No core dump will be written. Minidumps are not enabled by default on client versions of Windows
#

---------------  S U M M A R Y ------------

Command Line: -Dspring.profiles.active=stg -Dfile.encoding=UTF-8 th.go.dxc.DxcQmMoiLinkage2ServiceApplication

Host: Intel(R) Core(TM) i5-8500T CPU @ 2.10GHz, 6 cores, 15G,  Windows 10 , 64 bit Build 19041 (10.0.19041.5915)
Time: Tue Oct  7 00:54:13 2025 SE Asia Standard Time elapsed time: 29 seconds (0d 0h 0m 29s)

---------------  T H R E A D  ---------------

Current thread (0x0000020eeb4b8800):  JavaThread "C2 CompilerThread0" daemon [_thread_in_native, id=13816, stack(0x000000f8b7400000,0x000000f8b7500000)]


Current CompileTask:
C2:  29817 7348       4       jdk.internal.loader.URLClassPath$JarLoader$2::getInputStream (15 bytes)

Stack: [0x000000f8b7400000,0x000000f8b7500000]
Native frames: (J=compiled Java code, j=interpreted, Vv=VM code, C=native code)
V  [jvm.dll+0x63489a]
V  [jvm.dll+0x771f9f]
V  [jvm.dll+0x773648]
V  [jvm.dll+0x773d03]
V  [jvm.dll+0x25eba8]
V  [jvm.dll+0xc2191]
V  [jvm.dll+0xc271c]
V  [jvm.dll+0x36cc02]
V  [jvm.dll+0x339b13]
V  [jvm.dll+0x338eea]
V  [jvm.dll+0x2189c5]
V  [jvm.dll+0x217b6a]
V  [jvm.dll+0x194370]
V  [jvm.dll+0x226b3f]
V  [jvm.dll+0x225148]
V  [jvm.dll+0x73774d]
V  [jvm.dll+0x633942]
C  [ucrtbase.dll+0x21bb2]
C  [KERNEL32.DLL+0x17374]
C  [ntdll.dll+0x4cc91]


---------------  P R O C E S S  ---------------

Threads class SMR info:
_java_thread_list=0x0000020ef13e47e0, length=35, elements={
0x0000020eeaba8800, 0x0000020eeabb1800, 0x0000020eeb4b5800, 0x0000020eeb4b7800,
0x0000020eeb4b8800, 0x0000020eeb4c6000, 0x0000020eeb4cd000, 0x0000020eeb781000,
0x0000020eeb78c800, 0x0000020ef0ae6000, 0x0000020ef2875800, 0x0000020ef189c000,
0x0000020ef0d90800, 0x0000020eee6e5800, 0x0000020ef1758800, 0x0000020eef5ea800,
0x0000020eec580800, 0x0000020ef2e7c000, 0x0000020ef2126800, 0x0000020eec9ed800,
0x0000020ef2a1a800, 0x0000020ef2a17800, 0x0000020ef2a1c000, 0x0000020ef2a1d000,
0x0000020ef2a18000, 0x0000020ef2a1e000, 0x0000020ef2a19800, 0x0000020ef2a1b800,
0x0000020ef2a1e800, 0x0000020ef2a19000, 0x0000020ef2a24800, 0x0000020ef2a21000,
0x0000020ef2a25000, 0x0000020ef2a22000, 0x0000020eee427800
}

Java Threads: ( => current thread )
  0x0000020eeaba8800 JavaThread "Reference Handler" daemon [_thread_blocked, id=20240, stack(0x000000f8b7000000,0x000000f8b7100000)]
  0x0000020eeabb1800 JavaThread "Finalizer" daemon [_thread_blocked, id=7212, stack(0x000000f8b7100000,0x000000f8b7200000)]
  0x0000020eeb4b5800 JavaThread "Signal Dispatcher" daemon [_thread_blocked, id=5212, stack(0x000000f8b7200000,0x000000f8b7300000)]
  0x0000020eeb4b7800 JavaThread "Attach Listener" daemon [_thread_blocked, id=2468, stack(0x000000f8b7300000,0x000000f8b7400000)]
=>0x0000020eeb4b8800 JavaThread "C2 CompilerThread0" daemon [_thread_in_native, id=13816, stack(0x000000f8b7400000,0x000000f8b7500000)]
  0x0000020eeb4c6000 JavaThread "C1 CompilerThread0" daemon [_thread_blocked, id=20724, stack(0x000000f8b7500000,0x000000f8b7600000)]
  0x0000020eeb4cd000 JavaThread "Sweeper thread" daemon [_thread_blocked, id=10052, stack(0x000000f8b7600000,0x000000f8b7700000)]
  0x0000020eeb781000 JavaThread "Service Thread" daemon [_thread_blocked, id=1800, stack(0x000000f8b7700000,0x000000f8b7800000)]
  0x0000020eeb78c800 JavaThread "Common-Cleaner" daemon [_thread_blocked, id=9772, stack(0x000000f8b7900000,0x000000f8b7a00000)]
  0x0000020ef0ae6000 JavaThread "Catalina-utility-1" [_thread_blocked, id=11632, stack(0x000000f8b8000000,0x000000f8b8100000)]
  0x0000020ef2875800 JavaThread "Catalina-utility-2" [_thread_blocked, id=6448, stack(0x000000f8b8100000,0x000000f8b8200000)]
  0x0000020ef189c000 JavaThread "container-0" [_thread_blocked, id=13752, stack(0x000000f8b8300000,0x000000f8b8400000)]
  0x0000020ef0d90800 JavaThread "HikariPool-1 housekeeper" daemon [_thread_blocked, id=18536, stack(0x000000f8b8400000,0x000000f8b8500000)]
  0x0000020eee6e5800 JavaThread "reactor-http-nio-1" daemon [_thread_in_native, id=2964, stack(0x000000f8b8600000,0x000000f8b8700000)]
  0x0000020ef1758800 JavaThread "reactor-http-nio-2" daemon [_thread_in_native, id=6740, stack(0x000000f8b8700000,0x000000f8b8800000)]
  0x0000020eef5ea800 JavaThread "reactor-http-nio-3" daemon [_thread_in_native, id=7768, stack(0x000000f8b8800000,0x000000f8b8900000)]
  0x0000020eec580800 JavaThread "reactor-http-nio-4" daemon [_thread_in_native, id=13468, stack(0x000000f8b8900000,0x000000f8b8a00000)]
  0x0000020ef2e7c000 JavaThread "reactor-http-nio-5" daemon [_thread_in_native, id=16040, stack(0x000000f8b8a00000,0x000000f8b8b00000)]
  0x0000020ef2126800 JavaThread "reactor-http-nio-6" daemon [_thread_in_native, id=10772, stack(0x000000f8b8b00000,0x000000f8b8c00000)]
  0x0000020eec9ed800 JavaThread "Thread-8" daemon [_thread_in_native, id=8028, stack(0x000000f8b7f00000,0x000000f8b8000000)]
  0x0000020ef2a1a800 JavaThread "spring.cloud.inetutils" daemon [_thread_blocked, id=1352, stack(0x000000f8b8d00000,0x000000f8b8e00000)]
  0x0000020ef2a17800 JavaThread "http-nio-auto-1-exec-1" daemon [_thread_blocked, id=11604, stack(0x000000f8b8e00000,0x000000f8b8f00000)]
  0x0000020ef2a1c000 JavaThread "http-nio-auto-1-exec-2" daemon [_thread_blocked, id=13356, stack(0x000000f8b8f00000,0x000000f8b9000000)]
  0x0000020ef2a1d000 JavaThread "http-nio-auto-1-exec-3" daemon [_thread_blocked, id=13852, stack(0x000000f8b9000000,0x000000f8b9100000)]
  0x0000020ef2a18000 JavaThread "http-nio-auto-1-exec-4" daemon [_thread_blocked, id=14664, stack(0x000000f8b9100000,0x000000f8b9200000)]
  0x0000020ef2a1e000 JavaThread "http-nio-auto-1-exec-5" daemon [_thread_blocked, id=16368, stack(0x000000f8b9200000,0x000000f8b9300000)]
  0x0000020ef2a19800 JavaThread "http-nio-auto-1-exec-6" daemon [_thread_blocked, id=13216, stack(0x000000f8b9300000,0x000000f8b9400000)]
  0x0000020ef2a1b800 JavaThread "http-nio-auto-1-exec-7" daemon [_thread_blocked, id=19164, stack(0x000000f8b9400000,0x000000f8b9500000)]
  0x0000020ef2a1e800 JavaThread "http-nio-auto-1-exec-8" daemon [_thread_blocked, id=3476, stack(0x000000f8b9500000,0x000000f8b9600000)]
  0x0000020ef2a19000 JavaThread "http-nio-auto-1-exec-9" daemon [_thread_blocked, id=14332, stack(0x000000f8b9600000,0x000000f8b9700000)]
  0x0000020ef2a24800 JavaThread "http-nio-auto-1-exec-10" daemon [_thread_blocked, id=20688, stack(0x000000f8b9700000,0x000000f8b9800000)]
  0x0000020ef2a21000 JavaThread "http-nio-auto-1-Poller" daemon [_thread_in_native, id=19804, stack(0x000000f8b9800000,0x000000f8b9900000)]
  0x0000020ef2a25000 JavaThread "http-nio-auto-1-Acceptor" daemon [_thread_in_native, id=18176, stack(0x000000f8b9d00000,0x000000f8b9e00000)]
  0x0000020ef2a22000 JavaThread "DestroyJavaVM" [_thread_blocked, id=1404, stack(0x000000f8b6900000,0x000000f8b6a00000)]
  0x0000020eee427800 JavaThread "C2 CompilerThread1" daemon [_thread_in_native, id=12176, stack(0x000000f8b8c00000,0x000000f8b8d00000)]

Other Threads:
  0x0000020eeaba4800 VMThread "VM Thread" [stack: 0x000000f8b6f00000,0x000000f8b7000000] [id=17080]
  0x0000020eeb784000 WatcherThread [stack: 0x000000f8b7800000,0x000000f8b7900000] [id=19892]
  0x0000020ec7047800 GCTaskThread "GC Thread#0" [stack: 0x000000f8b6a00000,0x000000f8b6b00000] [id=928]
  0x0000020eec202000 GCTaskThread "GC Thread#1" [stack: 0x000000f8b7a00000,0x000000f8b7b00000] [id=21244]
  0x0000020eec1a7000 GCTaskThread "GC Thread#2" [stack: 0x000000f8b7b00000,0x000000f8b7c00000] [id=12568]
  0x0000020eebb12800 GCTaskThread "GC Thread#3" [stack: 0x000000f8b7c00000,0x000000f8b7d00000] [id=2624]
  0x0000020eecae4800 GCTaskThread "GC Thread#4" [stack: 0x000000f8b7d00000,0x000000f8b7e00000] [id=9984]
  0x0000020eecae5000 GCTaskThread "GC Thread#5" [stack: 0x000000f8b7e00000,0x000000f8b7f00000] [id=10648]
  0x0000020ec70a5000 ConcurrentGCThread "G1 Main Marker" [stack: 0x000000f8b6b00000,0x000000f8b6c00000] [id=21248]
  0x0000020ec70a6800 ConcurrentGCThread "G1 Conc#0" [stack: 0x000000f8b6c00000,0x000000f8b6d00000] [id=21400]
  0x0000020eecdd2000 ConcurrentGCThread "G1 Conc#1" [stack: 0x000000f8b8200000,0x000000f8b8300000] [id=15576]
  0x0000020eeaa8e800 ConcurrentGCThread "G1 Refine#0" [stack: 0x000000f8b6d00000,0x000000f8b6e00000] [id=4300]
  0x0000020ef214b800 ConcurrentGCThread "G1 Refine#1" [stack: 0x000000f8b8500000,0x000000f8b8600000] [id=16320]
  0x0000020ef037e000 ConcurrentGCThread "G1 Refine#2" [stack: 0x000000f8b9900000,0x000000f8b9a00000] [id=14156]
  0x0000020ef242e800 ConcurrentGCThread "G1 Refine#3" [stack: 0x000000f8b9a00000,0x000000f8b9b00000] [id=20616]
  0x0000020ef095f800 ConcurrentGCThread "G1 Refine#4" [stack: 0x000000f8b9b00000,0x000000f8b9c00000] [id=17700]
  0x0000020ef2b8e800 ConcurrentGCThread "G1 Refine#5" [stack: 0x000000f8b9c00000,0x000000f8b9d00000] [id=18104]
  0x0000020eeaa90800 ConcurrentGCThread "G1 Young RemSet Sampling" [stack: 0x000000f8b6e00000,0x000000f8b6f00000] [id=19464]

Threads with active compile tasks:
C2 CompilerThread07348       4       jdk.internal.loader.URLClassPath$JarLoader$2::getInputStream (15 bytes)
C2 CompilerThread17453       4       sun.nio.fs.WindowsPathParser::normalize (233 bytes)

VM state:not at safepoint (normal execution)

VM Mutex/Monitor currently owned by a thread: None

Heap address: 0x0000000702c00000, size: 4052 MB, Compressed Oops mode: Zero based, Oop shift amount: 3
Narrow klass base: 0x0000000800000000, Narrow klass shift: 0
Compressed class space size: 1073741824 Address: 0x0000000800000000

Heap:
 garbage-first heap   total 312320K, used 132601K [0x0000000702c00000, 0x0000000800000000)
  region size 1024K, 70 young (71680K), 6 survivors (6144K)
 Metaspace       used 87048K, capacity 89160K, committed 89216K, reserved 1126400K
  class space    used 10992K, capacity 11861K, committed 11904K, reserved 1048576K
Heap Regions: E=young(eden), S=young(survivor), O=old, HS=humongous(starts), HC=humongous(continues), CS=collection set, F=free, A=archive, TAMS=top-at-mark-start (previous, next)
|   0|0x0000000702c00000, 0x0000000702d00000, 0x0000000702d00000|100%|HS|  |TAMS 0x0000000702d00000, 0x0000000702c00000| Complete 
|   1|0x0000000702d00000, 0x0000000702e00000, 0x0000000702e00000|100%| O|  |TAMS 0x0000000702e00000, 0x0000000702d00000| Untracked 
|   2|0x0000000702e00000, 0x0000000702f00000, 0x0000000702f00000|100%| O|  |TAMS 0x0000000702f00000, 0x0000000702e00000| Untracked 
|   3|0x0000000702f00000, 0x0000000703000000, 0x0000000703000000|100%| O|  |TAMS 0x0000000703000000, 0x0000000702f00000| Untracked 
|   4|0x0000000703000000, 0x0000000703100000, 0x0000000703100000|100%| O|  |TAMS 0x0000000703100000, 0x0000000703000000| Untracked 
|   5|0x0000000703100000, 0x0000000703200000, 0x0000000703200000|100%| O|  |TAMS 0x0000000703200000, 0x0000000703100000| Untracked 
|   6|0x0000000703200000, 0x0000000703300000, 0x0000000703300000|100%| O|  |TAMS 0x0000000703300000, 0x0000000703200000| Untracked 
|   7|0x0000000703300000, 0x0000000703400000, 0x0000000703400000|100%| O|  |TAMS 0x0000000703400000, 0x0000000703300000| Untracked 
|   8|0x0000000703400000, 0x0000000703500000, 0x0000000703500000|100%| O|  |TAMS 0x0000000703500000, 0x0000000703400000| Untracked 
|   9|0x0000000703500000, 0x0000000703600000, 0x0000000703600000|100%| O|  |TAMS 0x0000000703600000, 0x0000000703500000| Untracked 
|  10|0x0000000703600000, 0x0000000703700000, 0x0000000703700000|100%| O|  |TAMS 0x0000000703700000, 0x0000000703600000| Untracked 
|  11|0x0000000703700000, 0x0000000703800000, 0x0000000703800000|100%| O|  |TAMS 0x0000000703800000, 0x0000000703700000| Untracked 
|  12|0x0000000703800000, 0x0000000703900000, 0x0000000703900000|100%| O|  |TAMS 0x0000000703900000, 0x0000000703800000| Untracked 
|  13|0x0000000703900000, 0x0000000703a00000, 0x0000000703a00000|100%| O|  |TAMS 0x0000000703a00000, 0x0000000703900000| Untracked 
|  14|0x0000000703a00000, 0x0000000703b00000, 0x0000000703b00000|100%| O|  |TAMS 0x0000000703b00000, 0x0000000703a00000| Untracked 
|  15|0x0000000703b00000, 0x0000000703c00000, 0x0000000703c00000|100%| O|  |TAMS 0x0000000703b00000, 0x0000000703b00000| Untracked 
|  16|0x0000000703c00000, 0x0000000703d00000, 0x0000000703d00000|100%| O|  |TAMS 0x0000000703d00000, 0x0000000703c00000| Untracked 
|  17|0x0000000703d00000, 0x0000000703e00000, 0x0000000703e00000|100%| O|  |TAMS 0x0000000703e00000, 0x0000000703d00000| Untracked 
|  18|0x0000000703e00000, 0x0000000703f00000, 0x0000000703f00000|100%| O|  |TAMS 0x0000000703f00000, 0x0000000703e00000| Untracked 
|  19|0x0000000703f00000, 0x0000000704000000, 0x0000000704000000|100%| O|  |TAMS 0x0000000704000000, 0x0000000703f00000| Untracked 
|  20|0x0000000704000000, 0x0000000704100000, 0x0000000704100000|100%| O|  |TAMS 0x0000000704000000, 0x0000000704000000| Untracked 
|  21|0x0000000704100000, 0x0000000704200000, 0x0000000704200000|100%| O|  |TAMS 0x0000000704100000, 0x0000000704100000| Untracked 
|  22|0x0000000704200000, 0x0000000704300000, 0x0000000704300000|100%| O|  |TAMS 0x0000000704200000, 0x0000000704200000| Untracked 
|  23|0x0000000704300000, 0x0000000704400000, 0x0000000704400000|100%| O|  |TAMS 0x0000000704300000, 0x0000000704300000| Untracked 
|  24|0x0000000704400000, 0x0000000704500000, 0x0000000704500000|100%| O|  |TAMS 0x0000000704400000, 0x0000000704400000| Untracked 
|  25|0x0000000704500000, 0x0000000704600000, 0x0000000704600000|100%| O|  |TAMS 0x0000000704500000, 0x0000000704500000| Untracked 
|  26|0x0000000704600000, 0x0000000704700000, 0x0000000704700000|100%| O|  |TAMS 0x0000000704600000, 0x0000000704600000| Untracked 
|  27|0x0000000704700000, 0x0000000704800000, 0x0000000704800000|100%| O|  |TAMS 0x0000000704700000, 0x0000000704700000| Untracked 
|  28|0x0000000704800000, 0x0000000704900000, 0x0000000704900000|100%| O|  |TAMS 0x0000000704800000, 0x0000000704800000| Untracked 
|  29|0x0000000704900000, 0x0000000704a00000, 0x0000000704a00000|100%| O|  |TAMS 0x0000000704900000, 0x0000000704900000| Untracked 
|  30|0x0000000704a00000, 0x0000000704b00000, 0x0000000704b00000|100%| O|  |TAMS 0x0000000704a00000, 0x0000000704a00000| Untracked 
|  31|0x0000000704b00000, 0x0000000704c00000, 0x0000000704c00000|100%| O|  |TAMS 0x0000000704b00000, 0x0000000704b00000| Untracked 
|  32|0x0000000704c00000, 0x0000000704d00000, 0x0000000704d00000|100%| O|  |TAMS 0x0000000704c00000, 0x0000000704c00000| Untracked 
|  33|0x0000000704d00000, 0x0000000704e00000, 0x0000000704e00000|100%| O|  |TAMS 0x0000000704d00000, 0x0000000704d00000| Untracked 
|  34|0x0000000704e00000, 0x0000000704f00000, 0x0000000704f00000|100%| O|  |TAMS 0x0000000704e00000, 0x0000000704e00000| Untracked 
|  35|0x0000000704f00000, 0x0000000705000000, 0x0000000705000000|100%| O|  |TAMS 0x0000000704f00000, 0x0000000704f00000| Untracked 
|  36|0x0000000705000000, 0x0000000705100000, 0x0000000705100000|100%| O|  |TAMS 0x0000000705000000, 0x0000000705000000| Untracked 
|  37|0x0000000705100000, 0x0000000705100000, 0x0000000705200000|  0%| F|  |TAMS 0x0000000705100000, 0x0000000705100000| Untracked 
|  38|0x0000000705200000, 0x0000000705300000, 0x0000000705300000|100%| O|  |TAMS 0x0000000705200000, 0x0000000705200000| Untracked 
|  39|0x0000000705300000, 0x0000000705400000, 0x0000000705400000|100%| O|  |TAMS 0x0000000705300000, 0x0000000705300000| Untracked 
|  40|0x0000000705400000, 0x0000000705500000, 0x0000000705500000|100%| O|  |TAMS 0x0000000705400000, 0x0000000705400000| Untracked 
|  41|0x0000000705500000, 0x0000000705600000, 0x0000000705600000|100%| O|  |TAMS 0x0000000705500000, 0x0000000705500000| Untracked 
|  42|0x0000000705600000, 0x0000000705700000, 0x0000000705700000|100%| O|  |TAMS 0x0000000705600000, 0x0000000705600000| Untracked 
|  43|0x0000000705700000, 0x0000000705800000, 0x0000000705800000|100%| O|  |TAMS 0x0000000705700000, 0x0000000705700000| Untracked 
|  44|0x0000000705800000, 0x0000000705900000, 0x0000000705900000|100%| O|  |TAMS 0x0000000705800000, 0x0000000705800000| Untracked 
|  45|0x0000000705900000, 0x0000000705a00000, 0x0000000705a00000|100%| O|  |TAMS 0x0000000705900000, 0x0000000705900000| Untracked 
|  46|0x0000000705a00000, 0x0000000705b00000, 0x0000000705b00000|100%| O|  |TAMS 0x0000000705a00000, 0x0000000705a00000| Untracked 
|  47|0x0000000705b00000, 0x0000000705c00000, 0x0000000705c00000|100%| O|  |TAMS 0x0000000705b00000, 0x0000000705b00000| Untracked 
|  48|0x0000000705c00000, 0x0000000705d00000, 0x0000000705d00000|100%| O|  |TAMS 0x0000000705c00000, 0x0000000705c00000| Untracked 
|  49|0x0000000705d00000, 0x0000000705e00000, 0x0000000705e00000|100%| O|  |TAMS 0x0000000705d00000, 0x0000000705d00000| Untracked 
|  50|0x0000000705e00000, 0x0000000705f00000, 0x0000000705f00000|100%| O|  |TAMS 0x0000000705e00000, 0x0000000705e00000| Untracked 
|  51|0x0000000705f00000, 0x0000000706000000, 0x0000000706000000|100%| O|  |TAMS 0x0000000705f00000, 0x0000000705f00000| Untracked 
|  52|0x0000000706000000, 0x0000000706100000, 0x0000000706100000|100%| O|  |TAMS 0x0000000706000000, 0x0000000706000000| Untracked 
|  53|0x0000000706100000, 0x0000000706200000, 0x0000000706200000|100%| O|  |TAMS 0x0000000706100000, 0x0000000706100000| Untracked 
|  54|0x0000000706200000, 0x0000000706300000, 0x0000000706300000|100%| O|  |TAMS 0x0000000706200000, 0x0000000706200000| Untracked 
|  55|0x0000000706300000, 0x0000000706400000, 0x0000000706400000|100%| O|  |TAMS 0x0000000706300000, 0x0000000706300000| Untracked 
|  56|0x0000000706400000, 0x0000000706500000, 0x0000000706500000|100%| O|  |TAMS 0x0000000706400000, 0x0000000706400000| Untracked 
|  57|0x0000000706500000, 0x0000000706600000, 0x0000000706600000|100%| O|  |TAMS 0x0000000706500000, 0x0000000706500000| Untracked 
|  58|0x0000000706600000, 0x0000000706700000, 0x0000000706700000|100%| O|  |TAMS 0x0000000706600000, 0x0000000706600000| Untracked 
|  59|0x0000000706700000, 0x0000000706800000, 0x0000000706800000|100%| O|  |TAMS 0x0000000706700000, 0x0000000706700000| Untracked 
|  60|0x0000000706800000, 0x0000000706900000, 0x0000000706900000|100%| O|  |TAMS 0x0000000706800000, 0x0000000706800000| Untracked 
|  61|0x0000000706900000, 0x0000000706a00000, 0x0000000706a00000|100%| O|  |TAMS 0x0000000706900000, 0x0000000706900000| Untracked 
|  62|0x0000000706a00000, 0x0000000706a00000, 0x0000000706b00000|  0%| F|  |TAMS 0x0000000706a00000, 0x0000000706a00000| Untracked 
|  63|0x0000000706b00000, 0x0000000706b00000, 0x0000000706c00000|  0%| F|  |TAMS 0x0000000706b00000, 0x0000000706b00000| Untracked 
|  64|0x0000000706c00000, 0x0000000706c00000, 0x0000000706d00000|  0%| F|  |TAMS 0x0000000706c00000, 0x0000000706c00000| Untracked 
|  65|0x0000000706d00000, 0x0000000706d00000, 0x0000000706e00000|  0%| F|  |TAMS 0x0000000706d00000, 0x0000000706d00000| Untracked 
|  66|0x0000000706e00000, 0x0000000706e00000, 0x0000000706f00000|  0%| F|  |TAMS 0x0000000706e00000, 0x0000000706e00000| Untracked 
|  67|0x0000000706f00000, 0x0000000706f00000, 0x0000000707000000|  0%| F|  |TAMS 0x0000000706f00000, 0x0000000706f00000| Untracked 
|  68|0x0000000707000000, 0x0000000707000000, 0x0000000707100000|  0%| F|  |TAMS 0x0000000707000000, 0x0000000707000000| Untracked 
|  69|0x0000000707100000, 0x0000000707100000, 0x0000000707200000|  0%| F|  |TAMS 0x0000000707100000, 0x0000000707100000| Untracked 
|  70|0x0000000707200000, 0x0000000707200000, 0x0000000707300000|  0%| F|  |TAMS 0x0000000707200000, 0x0000000707200000| Untracked 
|  71|0x0000000707300000, 0x0000000707300000, 0x0000000707400000|  0%| F|  |TAMS 0x0000000707300000, 0x0000000707300000| Untracked 
|  72|0x0000000707400000, 0x0000000707400000, 0x0000000707500000|  0%| F|  |TAMS 0x0000000707400000, 0x0000000707400000| Untracked 
|  73|0x0000000707500000, 0x0000000707500000, 0x0000000707600000|  0%| F|  |TAMS 0x0000000707500000, 0x0000000707500000| Untracked 
|  74|0x0000000707600000, 0x0000000707600000, 0x0000000707700000|  0%| F|  |TAMS 0x0000000707600000, 0x0000000707600000| Untracked 
|  75|0x0000000707700000, 0x0000000707700000, 0x0000000707800000|  0%| F|  |TAMS 0x0000000707700000, 0x0000000707700000| Untracked 
|  76|0x0000000707800000, 0x0000000707800000, 0x0000000707900000|  0%| F|  |TAMS 0x0000000707800000, 0x0000000707800000| Untracked 
|  77|0x0000000707900000, 0x0000000707900000, 0x0000000707a00000|  0%| F|  |TAMS 0x0000000707900000, 0x0000000707900000| Untracked 
|  78|0x0000000707a00000, 0x0000000707a00000, 0x0000000707b00000|  0%| F|  |TAMS 0x0000000707a00000, 0x0000000707a00000| Untracked 
|  79|0x0000000707b00000, 0x0000000707b00000, 0x0000000707c00000|  0%| F|  |TAMS 0x0000000707b00000, 0x0000000707b00000| Untracked 
|  80|0x0000000707c00000, 0x0000000707c00000, 0x0000000707d00000|  0%| F|  |TAMS 0x0000000707c00000, 0x0000000707c00000| Untracked 
|  81|0x0000000707d00000, 0x0000000707d00000, 0x0000000707e00000|  0%| F|  |TAMS 0x0000000707d00000, 0x0000000707d00000| Untracked 
|  82|0x0000000707e00000, 0x0000000707e00000, 0x0000000707f00000|  0%| F|  |TAMS 0x0000000707e00000, 0x0000000707e00000| Untracked 
|  83|0x0000000707f00000, 0x0000000707f00000, 0x0000000708000000|  0%| F|  |TAMS 0x0000000707f00000, 0x0000000707f00000| Untracked 
|  84|0x0000000708000000, 0x0000000708000000, 0x0000000708100000|  0%| F|  |TAMS 0x0000000708000000, 0x0000000708000000| Untracked 
|  85|0x0000000708100000, 0x0000000708100000, 0x0000000708200000|  0%| F|  |TAMS 0x0000000708100000, 0x0000000708100000| Untracked 
|  86|0x0000000708200000, 0x0000000708200000, 0x0000000708300000|  0%| F|  |TAMS 0x0000000708200000, 0x0000000708200000| Untracked 
|  87|0x0000000708300000, 0x0000000708300000, 0x0000000708400000|  0%| F|  |TAMS 0x0000000708300000, 0x0000000708300000| Untracked 
|  88|0x0000000708400000, 0x0000000708400000, 0x0000000708500000|  0%| F|  |TAMS 0x0000000708400000, 0x0000000708400000| Untracked 
|  89|0x0000000708500000, 0x0000000708500000, 0x0000000708600000|  0%| F|  |TAMS 0x0000000708500000, 0x0000000708500000| Untracked 
|  90|0x0000000708600000, 0x0000000708600000, 0x0000000708700000|  0%| F|  |TAMS 0x0000000708600000, 0x0000000708600000| Untracked 
|  91|0x0000000708700000, 0x0000000708700000, 0x0000000708800000|  0%| F|  |TAMS 0x0000000708700000, 0x0000000708700000| Untracked 
|  92|0x0000000708800000, 0x0000000708800000, 0x0000000708900000|  0%| F|  |TAMS 0x0000000708800000, 0x0000000708800000| Untracked 
|  93|0x0000000708900000, 0x0000000708900000, 0x0000000708a00000|  0%| F|  |TAMS 0x0000000708900000, 0x0000000708900000| Untracked 
|  94|0x0000000708a00000, 0x0000000708a00000, 0x0000000708b00000|  0%| F|  |TAMS 0x0000000708a00000, 0x0000000708a00000| Untracked 
|  95|0x0000000708b00000, 0x0000000708b00000, 0x0000000708c00000|  0%| F|  |TAMS 0x0000000708b00000, 0x0000000708b00000| Untracked 
|  96|0x0000000708c00000, 0x0000000708c00000, 0x0000000708d00000|  0%| F|  |TAMS 0x0000000708c00000, 0x0000000708c00000| Untracked 
|  97|0x0000000708d00000, 0x0000000708d00000, 0x0000000708e00000|  0%| F|  |TAMS 0x0000000708d00000, 0x0000000708d00000| Untracked 
|  98|0x0000000708e00000, 0x0000000708e00000, 0x0000000708f00000|  0%| F|  |TAMS 0x0000000708e00000, 0x0000000708e00000| Untracked 
|  99|0x0000000708f00000, 0x0000000708f00000, 0x0000000709000000|  0%| F|  |TAMS 0x0000000708f00000, 0x0000000708f00000| Untracked 
| 100|0x0000000709000000, 0x0000000709000000, 0x0000000709100000|  0%| F|  |TAMS 0x0000000709000000, 0x0000000709000000| Untracked 
| 101|0x0000000709100000, 0x0000000709100000, 0x0000000709200000|  0%| F|  |TAMS 0x0000000709100000, 0x0000000709100000| Untracked 
| 102|0x0000000709200000, 0x0000000709200000, 0x0000000709300000|  0%| F|  |TAMS 0x0000000709200000, 0x0000000709200000| Untracked 
| 103|0x0000000709300000, 0x0000000709300000, 0x0000000709400000|  0%| F|  |TAMS 0x0000000709300000, 0x0000000709300000| Untracked 
| 104|0x0000000709400000, 0x0000000709400000, 0x0000000709500000|  0%| F|  |TAMS 0x0000000709400000, 0x0000000709400000| Untracked 
| 105|0x0000000709500000, 0x0000000709500000, 0x0000000709600000|  0%| F|  |TAMS 0x0000000709500000, 0x0000000709500000| Untracked 
| 106|0x0000000709600000, 0x0000000709600000, 0x0000000709700000|  0%| F|  |TAMS 0x0000000709600000, 0x0000000709600000| Untracked 
| 107|0x0000000709700000, 0x0000000709700000, 0x0000000709800000|  0%| F|  |TAMS 0x0000000709700000, 0x0000000709700000| Untracked 
| 108|0x0000000709800000, 0x0000000709800000, 0x0000000709900000|  0%| F|  |TAMS 0x0000000709800000, 0x0000000709800000| Untracked 
| 109|0x0000000709900000, 0x0000000709900000, 0x0000000709a00000|  0%| F|  |TAMS 0x0000000709900000, 0x0000000709900000| Untracked 
| 110|0x0000000709a00000, 0x0000000709a00000, 0x0000000709b00000|  0%| F|  |TAMS 0x0000000709a00000, 0x0000000709a00000| Untracked 
| 111|0x0000000709b00000, 0x0000000709b00000, 0x0000000709c00000|  0%| F|  |TAMS 0x0000000709b00000, 0x0000000709b00000| Untracked 
| 112|0x0000000709c00000, 0x0000000709c00000, 0x0000000709d00000|  0%| F|  |TAMS 0x0000000709c00000, 0x0000000709c00000| Untracked 
| 113|0x0000000709d00000, 0x0000000709d00000, 0x0000000709e00000|  0%| F|  |TAMS 0x0000000709d00000, 0x0000000709d00000| Untracked 
| 114|0x0000000709e00000, 0x0000000709e00000, 0x0000000709f00000|  0%| F|  |TAMS 0x0000000709e00000, 0x0000000709e00000| Untracked 
| 115|0x0000000709f00000, 0x0000000709f00000, 0x000000070a000000|  0%| F|  |TAMS 0x0000000709f00000, 0x0000000709f00000| Untracked 
| 116|0x000000070a000000, 0x000000070a000000, 0x000000070a100000|  0%| F|  |TAMS 0x000000070a000000, 0x000000070a000000| Untracked 
| 117|0x000000070a100000, 0x000000070a100000, 0x000000070a200000|  0%| F|  |TAMS 0x000000070a100000, 0x000000070a100000| Untracked 
| 118|0x000000070a200000, 0x000000070a200000, 0x000000070a300000|  0%| F|  |TAMS 0x000000070a200000, 0x000000070a200000| Untracked 
| 119|0x000000070a300000, 0x000000070a300000, 0x000000070a400000|  0%| F|  |TAMS 0x000000070a300000, 0x000000070a300000| Untracked 
| 120|0x000000070a400000, 0x000000070a400000, 0x000000070a500000|  0%| F|  |TAMS 0x000000070a400000, 0x000000070a400000| Untracked 
| 121|0x000000070a500000, 0x000000070a500000, 0x000000070a600000|  0%| F|  |TAMS 0x000000070a500000, 0x000000070a500000| Untracked 
| 122|0x000000070a600000, 0x000000070a600000, 0x000000070a700000|  0%| F|  |TAMS 0x000000070a600000, 0x000000070a600000| Untracked 
| 123|0x000000070a700000, 0x000000070a700000, 0x000000070a800000|  0%| F|  |TAMS 0x000000070a700000, 0x000000070a700000| Untracked 
| 124|0x000000070a800000, 0x000000070a800000, 0x000000070a900000|  0%| F|  |TAMS 0x000000070a800000, 0x000000070a800000| Untracked 
| 125|0x000000070a900000, 0x000000070a900000, 0x000000070aa00000|  0%| F|  |TAMS 0x000000070a900000, 0x000000070a900000| Untracked 
| 126|0x000000070aa00000, 0x000000070aa00000, 0x000000070ab00000|  0%| F|  |TAMS 0x000000070aa00000, 0x000000070aa00000| Untracked 
| 127|0x000000070ab00000, 0x000000070ab00000, 0x000000070ac00000|  0%| F|  |TAMS 0x000000070ab00000, 0x000000070ab00000| Untracked 
| 128|0x000000070ac00000, 0x000000070ac7e5a0, 0x000000070ad00000| 49%| S|CS|TAMS 0x000000070ac00000, 0x000000070ac00000| Complete 
| 129|0x000000070ad00000, 0x000000070ae00000, 0x000000070ae00000|100%| S|CS|TAMS 0x000000070ad00000, 0x000000070ad00000| Complete 
| 130|0x000000070ae00000, 0x000000070af00000, 0x000000070af00000|100%| S|CS|TAMS 0x000000070ae00000, 0x000000070ae00000| Complete 
| 131|0x000000070af00000, 0x000000070b000000, 0x000000070b000000|100%| S|CS|TAMS 0x000000070af00000, 0x000000070af00000| Complete 
| 132|0x000000070b000000, 0x000000070b100000, 0x000000070b100000|100%| S|CS|TAMS 0x000000070b000000, 0x000000070b000000| Complete 
| 133|0x000000070b100000, 0x000000070b200000, 0x000000070b200000|100%| S|CS|TAMS 0x000000070b100000, 0x000000070b100000| Complete 
| 134|0x000000070b200000, 0x000000070b200000, 0x000000070b300000|  0%| F|  |TAMS 0x000000070b200000, 0x000000070b200000| Untracked 
| 135|0x000000070b300000, 0x000000070b300000, 0x000000070b400000|  0%| F|  |TAMS 0x000000070b300000, 0x000000070b300000| Untracked 
| 136|0x000000070b400000, 0x000000070b400000, 0x000000070b500000|  0%| F|  |TAMS 0x000000070b400000, 0x000000070b400000| Untracked 
| 137|0x000000070b500000, 0x000000070b500000, 0x000000070b600000|  0%| F|  |TAMS 0x000000070b500000, 0x000000070b500000| Untracked 
| 138|0x000000070b600000, 0x000000070b600000, 0x000000070b700000|  0%| F|  |TAMS 0x000000070b600000, 0x000000070b600000| Untracked 
| 139|0x000000070b700000, 0x000000070b700000, 0x000000070b800000|  0%| F|  |TAMS 0x000000070b700000, 0x000000070b700000| Untracked 
| 140|0x000000070b800000, 0x000000070b800000, 0x000000070b900000|  0%| F|  |TAMS 0x000000070b800000, 0x000000070b800000| Untracked 
| 141|0x000000070b900000, 0x000000070b900000, 0x000000070ba00000|  0%| F|  |TAMS 0x000000070b900000, 0x000000070b900000| Untracked 
| 142|0x000000070ba00000, 0x000000070ba00000, 0x000000070bb00000|  0%| F|  |TAMS 0x000000070ba00000, 0x000000070ba00000| Untracked 
| 143|0x000000070bb00000, 0x000000070bb00000, 0x000000070bc00000|  0%| F|  |TAMS 0x000000070bb00000, 0x000000070bb00000| Untracked 
| 144|0x000000070bc00000, 0x000000070bc00000, 0x000000070bd00000|  0%| F|  |TAMS 0x000000070bc00000, 0x000000070bc00000| Untracked 
| 145|0x000000070bd00000, 0x000000070bd00000, 0x000000070be00000|  0%| F|  |TAMS 0x000000070bd00000, 0x000000070bd00000| Untracked 
| 146|0x000000070be00000, 0x000000070be00000, 0x000000070bf00000|  0%| F|  |TAMS 0x000000070be00000, 0x000000070be00000| Untracked 
| 147|0x000000070bf00000, 0x000000070bf00000, 0x000000070c000000|  0%| F|  |TAMS 0x000000070bf00000, 0x000000070bf00000| Untracked 
| 148|0x000000070c000000, 0x000000070c000000, 0x000000070c100000|  0%| F|  |TAMS 0x000000070c000000, 0x000000070c000000| Untracked 
| 149|0x000000070c100000, 0x000000070c100000, 0x000000070c200000|  0%| F|  |TAMS 0x000000070c100000, 0x000000070c100000| Untracked 
| 150|0x000000070c200000, 0x000000070c200000, 0x000000070c300000|  0%| F|  |TAMS 0x000000070c200000, 0x000000070c200000| Untracked 
| 151|0x000000070c300000, 0x000000070c300000, 0x000000070c400000|  0%| F|  |TAMS 0x000000070c300000, 0x000000070c300000| Untracked 
| 152|0x000000070c400000, 0x000000070c400000, 0x000000070c500000|  0%| F|  |TAMS 0x000000070c400000, 0x000000070c400000| Untracked 
| 153|0x000000070c500000, 0x000000070c500000, 0x000000070c600000|  0%| F|  |TAMS 0x000000070c500000, 0x000000070c500000| Untracked 
| 154|0x000000070c600000, 0x000000070c600000, 0x000000070c700000|  0%| F|  |TAMS 0x000000070c600000, 0x000000070c600000| Untracked 
| 155|0x000000070c700000, 0x000000070c700000, 0x000000070c800000|  0%| F|  |TAMS 0x000000070c700000, 0x000000070c700000| Untracked 
| 156|0x000000070c800000, 0x000000070c800000, 0x000000070c900000|  0%| F|  |TAMS 0x000000070c800000, 0x000000070c800000| Untracked 
| 157|0x000000070c900000, 0x000000070c900000, 0x000000070ca00000|  0%| F|  |TAMS 0x000000070c900000, 0x000000070c900000| Untracked 
| 158|0x000000070ca00000, 0x000000070ca00000, 0x000000070cb00000|  0%| F|  |TAMS 0x000000070ca00000, 0x000000070ca00000| Untracked 
| 159|0x000000070cb00000, 0x000000070cb00000, 0x000000070cc00000|  0%| F|  |TAMS 0x000000070cb00000, 0x000000070cb00000| Untracked 
| 160|0x000000070cc00000, 0x000000070cc00000, 0x000000070cd00000|  0%| F|  |TAMS 0x000000070cc00000, 0x000000070cc00000| Untracked 
| 161|0x000000070cd00000, 0x000000070cd00000, 0x000000070ce00000|  0%| F|  |TAMS 0x000000070cd00000, 0x000000070cd00000| Untracked 
| 162|0x000000070ce00000, 0x000000070ce00000, 0x000000070cf00000|  0%| F|  |TAMS 0x000000070ce00000, 0x000000070ce00000| Untracked 
| 163|0x000000070cf00000, 0x000000070cf00000, 0x000000070d000000|  0%| F|  |TAMS 0x000000070cf00000, 0x000000070cf00000| Untracked 
| 164|0x000000070d000000, 0x000000070d000000, 0x000000070d100000|  0%| F|  |TAMS 0x000000070d000000, 0x000000070d000000| Untracked 
| 165|0x000000070d100000, 0x000000070d100000, 0x000000070d200000|  0%| F|  |TAMS 0x000000070d100000, 0x000000070d100000| Untracked 
| 166|0x000000070d200000, 0x000000070d200000, 0x000000070d300000|  0%| F|  |TAMS 0x000000070d200000, 0x000000070d200000| Untracked 
| 167|0x000000070d300000, 0x000000070d300000, 0x000000070d400000|  0%| F|  |TAMS 0x000000070d300000, 0x000000070d300000| Untracked 
| 168|0x000000070d400000, 0x000000070d400000, 0x000000070d500000|  0%| F|  |TAMS 0x000000070d400000, 0x000000070d400000| Untracked 
| 169|0x000000070d500000, 0x000000070d500000, 0x000000070d600000|  0%| F|  |TAMS 0x000000070d500000, 0x000000070d500000| Untracked 
| 170|0x000000070d600000, 0x000000070d600000, 0x000000070d700000|  0%| F|  |TAMS 0x000000070d600000, 0x000000070d600000| Untracked 
| 171|0x000000070d700000, 0x000000070d700000, 0x000000070d800000|  0%| F|  |TAMS 0x000000070d700000, 0x000000070d700000| Untracked 
| 172|0x000000070d800000, 0x000000070d800000, 0x000000070d900000|  0%| F|  |TAMS 0x000000070d800000, 0x000000070d800000| Untracked 
| 173|0x000000070d900000, 0x000000070d900000, 0x000000070da00000|  0%| F|  |TAMS 0x000000070d900000, 0x000000070d900000| Untracked 
| 174|0x000000070da00000, 0x000000070da00000, 0x000000070db00000|  0%| F|  |TAMS 0x000000070da00000, 0x000000070da00000| Untracked 
| 175|0x000000070db00000, 0x000000070db00000, 0x000000070dc00000|  0%| F|  |TAMS 0x000000070db00000, 0x000000070db00000| Untracked 
| 176|0x000000070dc00000, 0x000000070dc00000, 0x000000070dd00000|  0%| F|  |TAMS 0x000000070dc00000, 0x000000070dc00000| Untracked 
| 177|0x000000070dd00000, 0x000000070dd00000, 0x000000070de00000|  0%| F|  |TAMS 0x000000070dd00000, 0x000000070dd00000| Untracked 
| 178|0x000000070de00000, 0x000000070de00000, 0x000000070df00000|  0%| F|  |TAMS 0x000000070de00000, 0x000000070de00000| Untracked 
| 179|0x000000070df00000, 0x000000070df00000, 0x000000070e000000|  0%| F|  |TAMS 0x000000070df00000, 0x000000070df00000| Untracked 
| 180|0x000000070e000000, 0x000000070e000000, 0x000000070e100000|  0%| F|  |TAMS 0x000000070e000000, 0x000000070e000000| Untracked 
| 181|0x000000070e100000, 0x000000070e100000, 0x000000070e200000|  0%| F|  |TAMS 0x000000070e100000, 0x000000070e100000| Untracked 
| 182|0x000000070e200000, 0x000000070e200000, 0x000000070e300000|  0%| F|  |TAMS 0x000000070e200000, 0x000000070e200000| Untracked 
| 183|0x000000070e300000, 0x000000070e300000, 0x000000070e400000|  0%| F|  |TAMS 0x000000070e300000, 0x000000070e300000| Untracked 
| 184|0x000000070e400000, 0x000000070e400000, 0x000000070e500000|  0%| F|  |TAMS 0x000000070e400000, 0x000000070e400000| Untracked 
| 185|0x000000070e500000, 0x000000070e500000, 0x000000070e600000|  0%| F|  |TAMS 0x000000070e500000, 0x000000070e500000| Untracked 
| 186|0x000000070e600000, 0x000000070e600000, 0x000000070e700000|  0%| F|  |TAMS 0x000000070e600000, 0x000000070e600000| Untracked 
| 187|0x000000070e700000, 0x000000070e700000, 0x000000070e800000|  0%| F|  |TAMS 0x000000070e700000, 0x000000070e700000| Untracked 
| 188|0x000000070e800000, 0x000000070e800000, 0x000000070e900000|  0%| F|  |TAMS 0x000000070e800000, 0x000000070e800000| Untracked 
| 189|0x000000070e900000, 0x000000070e900000, 0x000000070ea00000|  0%| F|  |TAMS 0x000000070e900000, 0x000000070e900000| Untracked 
| 190|0x000000070ea00000, 0x000000070ea00000, 0x000000070eb00000|  0%| F|  |TAMS 0x000000070ea00000, 0x000000070ea00000| Untracked 
| 191|0x000000070eb00000, 0x000000070eb00000, 0x000000070ec00000|  0%| F|  |TAMS 0x000000070eb00000, 0x000000070eb00000| Untracked 
| 192|0x000000070ec00000, 0x000000070ec00000, 0x000000070ed00000|  0%| F|  |TAMS 0x000000070ec00000, 0x000000070ec00000| Untracked 
| 193|0x000000070ed00000, 0x000000070ed00000, 0x000000070ee00000|  0%| F|  |TAMS 0x000000070ed00000, 0x000000070ed00000| Untracked 
| 194|0x000000070ee00000, 0x000000070ee00000, 0x000000070ef00000|  0%| F|  |TAMS 0x000000070ee00000, 0x000000070ee00000| Untracked 
| 195|0x000000070ef00000, 0x000000070ef00000, 0x000000070f000000|  0%| F|  |TAMS 0x000000070ef00000, 0x000000070ef00000| Untracked 
| 196|0x000000070f000000, 0x000000070f000000, 0x000000070f100000|  0%| F|  |TAMS 0x000000070f000000, 0x000000070f000000| Untracked 
| 197|0x000000070f100000, 0x000000070f100000, 0x000000070f200000|  0%| F|  |TAMS 0x000000070f100000, 0x000000070f100000| Untracked 
| 198|0x000000070f200000, 0x000000070f200000, 0x000000070f300000|  0%| F|  |TAMS 0x000000070f200000, 0x000000070f200000| Untracked 
| 199|0x000000070f300000, 0x000000070f300000, 0x000000070f400000|  0%| F|  |TAMS 0x000000070f300000, 0x000000070f300000| Untracked 
| 200|0x000000070f400000, 0x000000070f400000, 0x000000070f500000|  0%| F|  |TAMS 0x000000070f400000, 0x000000070f400000| Untracked 
| 201|0x000000070f500000, 0x000000070f500000, 0x000000070f600000|  0%| F|  |TAMS 0x000000070f500000, 0x000000070f500000| Untracked 
| 202|0x000000070f600000, 0x000000070f600000, 0x000000070f700000|  0%| F|  |TAMS 0x000000070f600000, 0x000000070f600000| Untracked 
| 203|0x000000070f700000, 0x000000070f700000, 0x000000070f800000|  0%| F|  |TAMS 0x000000070f700000, 0x000000070f700000| Untracked 
| 204|0x000000070f800000, 0x000000070f800000, 0x000000070f900000|  0%| F|  |TAMS 0x000000070f800000, 0x000000070f800000| Untracked 
| 205|0x000000070f900000, 0x000000070f900000, 0x000000070fa00000|  0%| F|  |TAMS 0x000000070f900000, 0x000000070f900000| Untracked 
| 206|0x000000070fa00000, 0x000000070fa00000, 0x000000070fb00000|  0%| F|  |TAMS 0x000000070fa00000, 0x000000070fa00000| Untracked 
| 207|0x000000070fb00000, 0x000000070fb00000, 0x000000070fc00000|  0%| F|  |TAMS 0x000000070fb00000, 0x000000070fb00000| Untracked 
| 208|0x000000070fc00000, 0x000000070fc00000, 0x000000070fd00000|  0%| F|  |TAMS 0x000000070fc00000, 0x000000070fc00000| Untracked 
| 209|0x000000070fd00000, 0x000000070fd00000, 0x000000070fe00000|  0%| F|  |TAMS 0x000000070fd00000, 0x000000070fd00000| Untracked 
| 210|0x000000070fe00000, 0x000000070fe00000, 0x000000070ff00000|  0%| F|  |TAMS 0x000000070fe00000, 0x000000070fe00000| Untracked 
| 211|0x000000070ff00000, 0x000000070ff00000, 0x0000000710000000|  0%| F|  |TAMS 0x000000070ff00000, 0x000000070ff00000| Untracked 
| 212|0x0000000710000000, 0x0000000710000000, 0x0000000710100000|  0%| F|  |TAMS 0x0000000710000000, 0x0000000710000000| Untracked 
| 213|0x0000000710100000, 0x0000000710100000, 0x0000000710200000|  0%| F|  |TAMS 0x0000000710100000, 0x0000000710100000| Untracked 
| 214|0x0000000710200000, 0x0000000710200000, 0x0000000710300000|  0%| F|  |TAMS 0x0000000710200000, 0x0000000710200000| Untracked 
| 215|0x0000000710300000, 0x0000000710300000, 0x0000000710400000|  0%| F|  |TAMS 0x0000000710300000, 0x0000000710300000| Untracked 
| 216|0x0000000710400000, 0x0000000710400000, 0x0000000710500000|  0%| F|  |TAMS 0x0000000710400000, 0x0000000710400000| Untracked 
| 217|0x0000000710500000, 0x0000000710500000, 0x0000000710600000|  0%| F|  |TAMS 0x0000000710500000, 0x0000000710500000| Untracked 
| 218|0x0000000710600000, 0x0000000710600000, 0x0000000710700000|  0%| F|  |TAMS 0x0000000710600000, 0x0000000710600000| Untracked 
| 219|0x0000000710700000, 0x0000000710700000, 0x0000000710800000|  0%| F|  |TAMS 0x0000000710700000, 0x0000000710700000| Untracked 
| 220|0x0000000710800000, 0x0000000710800000, 0x0000000710900000|  0%| F|  |TAMS 0x0000000710800000, 0x0000000710800000| Untracked 
| 221|0x0000000710900000, 0x0000000710900000, 0x0000000710a00000|  0%| F|  |TAMS 0x0000000710900000, 0x0000000710900000| Untracked 
| 222|0x0000000710a00000, 0x0000000710a00000, 0x0000000710b00000|  0%| F|  |TAMS 0x0000000710a00000, 0x0000000710a00000| Untracked 
| 223|0x0000000710b00000, 0x0000000710b00000, 0x0000000710c00000|  0%| F|  |TAMS 0x0000000710b00000, 0x0000000710b00000| Untracked 
| 224|0x0000000710c00000, 0x0000000710c00000, 0x0000000710d00000|  0%| F|  |TAMS 0x0000000710c00000, 0x0000000710c00000| Untracked 
| 225|0x0000000710d00000, 0x0000000710d00000, 0x0000000710e00000|  0%| F|  |TAMS 0x0000000710d00000, 0x0000000710d00000| Untracked 
| 226|0x0000000710e00000, 0x0000000710e00000, 0x0000000710f00000|  0%| F|  |TAMS 0x0000000710e00000, 0x0000000710e00000| Untracked 
| 227|0x0000000710f00000, 0x0000000710f00000, 0x0000000711000000|  0%| F|  |TAMS 0x0000000710f00000, 0x0000000710f00000| Untracked 
| 228|0x0000000711000000, 0x0000000711000000, 0x0000000711100000|  0%| F|  |TAMS 0x0000000711000000, 0x0000000711000000| Untracked 
| 229|0x0000000711100000, 0x0000000711100000, 0x0000000711200000|  0%| F|  |TAMS 0x0000000711100000, 0x0000000711100000| Untracked 
| 230|0x0000000711200000, 0x0000000711200000, 0x0000000711300000|  0%| F|  |TAMS 0x0000000711200000, 0x0000000711200000| Untracked 
| 231|0x0000000711300000, 0x0000000711300000, 0x0000000711400000|  0%| F|  |TAMS 0x0000000711300000, 0x0000000711300000| Untracked 
| 232|0x0000000711400000, 0x0000000711400000, 0x0000000711500000|  0%| F|  |TAMS 0x0000000711400000, 0x0000000711400000| Untracked 
| 233|0x0000000711500000, 0x0000000711500000, 0x0000000711600000|  0%| F|  |TAMS 0x0000000711500000, 0x0000000711500000| Untracked 
| 234|0x0000000711600000, 0x0000000711600000, 0x0000000711700000|  0%| F|  |TAMS 0x0000000711600000, 0x0000000711600000| Untracked 
| 235|0x0000000711700000, 0x0000000711700000, 0x0000000711800000|  0%| F|  |TAMS 0x0000000711700000, 0x0000000711700000| Untracked 
| 236|0x0000000711800000, 0x0000000711800000, 0x0000000711900000|  0%| F|  |TAMS 0x0000000711800000, 0x0000000711800000| Untracked 
| 237|0x0000000711900000, 0x0000000711900000, 0x0000000711a00000|  0%| F|  |TAMS 0x0000000711900000, 0x0000000711900000| Untracked 
| 238|0x0000000711a00000, 0x0000000711a00000, 0x0000000711b00000|  0%| F|  |TAMS 0x0000000711a00000, 0x0000000711a00000| Untracked 
| 239|0x0000000711b00000, 0x0000000711b00000, 0x0000000711c00000|  0%| F|  |TAMS 0x0000000711b00000, 0x0000000711b00000| Untracked 
| 240|0x0000000711c00000, 0x0000000711c00000, 0x0000000711d00000|  0%| F|  |TAMS 0x0000000711c00000, 0x0000000711c00000| Untracked 
| 241|0x0000000711d00000, 0x0000000711e00000, 0x0000000711e00000|100%| E|  |TAMS 0x0000000711d00000, 0x0000000711d00000| Complete 
| 242|0x0000000711e00000, 0x0000000711f00000, 0x0000000711f00000|100%| E|CS|TAMS 0x0000000711e00000, 0x0000000711e00000| Complete 
| 243|0x0000000711f00000, 0x0000000712000000, 0x0000000712000000|100%| E|CS|TAMS 0x0000000711f00000, 0x0000000711f00000| Complete 
| 244|0x0000000712000000, 0x0000000712100000, 0x0000000712100000|100%| E|CS|TAMS 0x0000000712000000, 0x0000000712000000| Complete 
| 245|0x0000000712100000, 0x0000000712200000, 0x0000000712200000|100%| E|CS|TAMS 0x0000000712100000, 0x0000000712100000| Complete 
| 246|0x0000000712200000, 0x0000000712300000, 0x0000000712300000|100%| E|CS|TAMS 0x0000000712200000, 0x0000000712200000| Complete 
| 247|0x0000000712300000, 0x0000000712400000, 0x0000000712400000|100%| E|CS|TAMS 0x0000000712300000, 0x0000000712300000| Complete 
| 248|0x0000000712400000, 0x0000000712500000, 0x0000000712500000|100%| E|CS|TAMS 0x0000000712400000, 0x0000000712400000| Complete 
| 249|0x0000000712500000, 0x0000000712600000, 0x0000000712600000|100%| E|CS|TAMS 0x0000000712500000, 0x0000000712500000| Complete 
| 250|0x0000000712600000, 0x0000000712700000, 0x0000000712700000|100%| E|CS|TAMS 0x0000000712600000, 0x0000000712600000| Complete 
| 251|0x0000000712700000, 0x0000000712800000, 0x0000000712800000|100%| E|CS|TAMS 0x0000000712700000, 0x0000000712700000| Complete 
| 252|0x0000000712800000, 0x0000000712900000, 0x0000000712900000|100%| E|CS|TAMS 0x0000000712800000, 0x0000000712800000| Complete 
| 253|0x0000000712900000, 0x0000000712a00000, 0x0000000712a00000|100%| E|CS|TAMS 0x0000000712900000, 0x0000000712900000| Complete 
| 254|0x0000000712a00000, 0x0000000712b00000, 0x0000000712b00000|100%| E|CS|TAMS 0x0000000712a00000, 0x0000000712a00000| Complete 
| 255|0x0000000712b00000, 0x0000000712c00000, 0x0000000712c00000|100%| E|CS|TAMS 0x0000000712b00000, 0x0000000712b00000| Complete 
| 256|0x0000000712c00000, 0x0000000712d00000, 0x0000000712d00000|100%| E|CS|TAMS 0x0000000712c00000, 0x0000000712c00000| Complete 
| 257|0x0000000712d00000, 0x0000000712e00000, 0x0000000712e00000|100%| E|CS|TAMS 0x0000000712d00000, 0x0000000712d00000| Complete 
| 258|0x0000000712e00000, 0x0000000712f00000, 0x0000000712f00000|100%| E|CS|TAMS 0x0000000712e00000, 0x0000000712e00000| Complete 
| 259|0x0000000712f00000, 0x0000000713000000, 0x0000000713000000|100%| E|CS|TAMS 0x0000000712f00000, 0x0000000712f00000| Complete 
| 260|0x0000000713000000, 0x0000000713100000, 0x0000000713100000|100%| E|CS|TAMS 0x0000000713000000, 0x0000000713000000| Complete 
| 261|0x0000000713100000, 0x0000000713200000, 0x0000000713200000|100%| E|CS|TAMS 0x0000000713100000, 0x0000000713100000| Complete 
| 262|0x0000000713200000, 0x0000000713300000, 0x0000000713300000|100%| E|CS|TAMS 0x0000000713200000, 0x0000000713200000| Complete 
| 263|0x0000000713300000, 0x0000000713400000, 0x0000000713400000|100%| E|CS|TAMS 0x0000000713300000, 0x0000000713300000| Complete 
| 264|0x0000000713400000, 0x0000000713500000, 0x0000000713500000|100%| E|CS|TAMS 0x0000000713400000, 0x0000000713400000| Complete 
| 265|0x0000000713500000, 0x0000000713600000, 0x0000000713600000|100%| E|CS|TAMS 0x0000000713500000, 0x0000000713500000| Complete 
| 266|0x0000000713600000, 0x0000000713700000, 0x0000000713700000|100%| E|CS|TAMS 0x0000000713600000, 0x0000000713600000| Complete 
| 267|0x0000000713700000, 0x0000000713800000, 0x0000000713800000|100%| E|CS|TAMS 0x0000000713700000, 0x0000000713700000| Complete 
| 268|0x0000000713800000, 0x0000000713900000, 0x0000000713900000|100%| E|CS|TAMS 0x0000000713800000, 0x0000000713800000| Complete 
| 269|0x0000000713900000, 0x0000000713a00000, 0x0000000713a00000|100%| E|CS|TAMS 0x0000000713900000, 0x0000000713900000| Complete 
| 270|0x0000000713a00000, 0x0000000713b00000, 0x0000000713b00000|100%| E|CS|TAMS 0x0000000713a00000, 0x0000000713a00000| Complete 
| 271|0x0000000713b00000, 0x0000000713c00000, 0x0000000713c00000|100%| E|CS|TAMS 0x0000000713b00000, 0x0000000713b00000| Complete 
| 272|0x0000000713c00000, 0x0000000713d00000, 0x0000000713d00000|100%| E|CS|TAMS 0x0000000713c00000, 0x0000000713c00000| Complete 
| 273|0x0000000713d00000, 0x0000000713e00000, 0x0000000713e00000|100%| E|CS|TAMS 0x0000000713d00000, 0x0000000713d00000| Complete 
| 274|0x0000000713e00000, 0x0000000713f00000, 0x0000000713f00000|100%| E|CS|TAMS 0x0000000713e00000, 0x0000000713e00000| Complete 
| 275|0x0000000713f00000, 0x0000000714000000, 0x0000000714000000|100%| E|CS|TAMS 0x0000000713f00000, 0x0000000713f00000| Complete 
| 276|0x0000000714000000, 0x0000000714100000, 0x0000000714100000|100%| E|CS|TAMS 0x0000000714000000, 0x0000000714000000| Complete 
| 277|0x0000000714100000, 0x0000000714200000, 0x0000000714200000|100%| E|CS|TAMS 0x0000000714100000, 0x0000000714100000| Complete 
| 278|0x0000000714200000, 0x0000000714300000, 0x0000000714300000|100%| E|CS|TAMS 0x0000000714200000, 0x0000000714200000| Complete 
| 279|0x0000000714300000, 0x0000000714400000, 0x0000000714400000|100%| E|CS|TAMS 0x0000000714300000, 0x0000000714300000| Complete 
| 280|0x0000000714400000, 0x0000000714500000, 0x0000000714500000|100%| E|CS|TAMS 0x0000000714400000, 0x0000000714400000| Complete 
| 281|0x0000000714500000, 0x0000000714600000, 0x0000000714600000|100%| E|CS|TAMS 0x0000000714500000, 0x0000000714500000| Complete 
| 282|0x0000000714600000, 0x0000000714700000, 0x0000000714700000|100%| E|CS|TAMS 0x0000000714600000, 0x0000000714600000| Complete 
| 283|0x0000000714700000, 0x0000000714800000, 0x0000000714800000|100%| E|CS|TAMS 0x0000000714700000, 0x0000000714700000| Complete 
| 284|0x0000000714800000, 0x0000000714900000, 0x0000000714900000|100%| E|CS|TAMS 0x0000000714800000, 0x0000000714800000| Complete 
| 285|0x0000000714900000, 0x0000000714a00000, 0x0000000714a00000|100%| E|CS|TAMS 0x0000000714900000, 0x0000000714900000| Complete 
| 286|0x0000000714a00000, 0x0000000714b00000, 0x0000000714b00000|100%| E|CS|TAMS 0x0000000714a00000, 0x0000000714a00000| Complete 
| 287|0x0000000714b00000, 0x0000000714c00000, 0x0000000714c00000|100%| E|CS|TAMS 0x0000000714b00000, 0x0000000714b00000| Complete 
| 288|0x0000000714c00000, 0x0000000714d00000, 0x0000000714d00000|100%| E|CS|TAMS 0x0000000714c00000, 0x0000000714c00000| Complete 
| 289|0x0000000714d00000, 0x0000000714e00000, 0x0000000714e00000|100%| E|CS|TAMS 0x0000000714d00000, 0x0000000714d00000| Complete 
| 290|0x0000000714e00000, 0x0000000714f00000, 0x0000000714f00000|100%| E|CS|TAMS 0x0000000714e00000, 0x0000000714e00000| Complete 
| 291|0x0000000714f00000, 0x0000000715000000, 0x0000000715000000|100%| E|CS|TAMS 0x0000000714f00000, 0x0000000714f00000| Complete 
| 292|0x0000000715000000, 0x0000000715100000, 0x0000000715100000|100%| E|CS|TAMS 0x0000000715000000, 0x0000000715000000| Complete 
| 293|0x0000000715100000, 0x0000000715200000, 0x0000000715200000|100%| E|CS|TAMS 0x0000000715100000, 0x0000000715100000| Complete 
| 294|0x0000000715200000, 0x0000000715300000, 0x0000000715300000|100%| E|CS|TAMS 0x0000000715200000, 0x0000000715200000| Complete 
| 295|0x0000000715300000, 0x0000000715400000, 0x0000000715400000|100%| E|CS|TAMS 0x0000000715300000, 0x0000000715300000| Complete 
| 296|0x0000000715400000, 0x0000000715500000, 0x0000000715500000|100%| E|CS|TAMS 0x0000000715400000, 0x0000000715400000| Complete 
| 297|0x0000000715500000, 0x0000000715600000, 0x0000000715600000|100%| E|CS|TAMS 0x0000000715500000, 0x0000000715500000| Complete 
| 298|0x0000000715600000, 0x0000000715700000, 0x0000000715700000|100%| E|CS|TAMS 0x0000000715600000, 0x0000000715600000| Complete 
| 299|0x0000000715700000, 0x0000000715800000, 0x0000000715800000|100%| E|CS|TAMS 0x0000000715700000, 0x0000000715700000| Complete 
| 300|0x0000000715800000, 0x0000000715900000, 0x0000000715900000|100%| E|CS|TAMS 0x0000000715800000, 0x0000000715800000| Complete 
| 301|0x0000000715900000, 0x0000000715a00000, 0x0000000715a00000|100%| E|CS|TAMS 0x0000000715900000, 0x0000000715900000| Complete 
| 302|0x0000000715a00000, 0x0000000715b00000, 0x0000000715b00000|100%| E|CS|TAMS 0x0000000715a00000, 0x0000000715a00000| Complete 
| 303|0x0000000715b00000, 0x0000000715c00000, 0x0000000715c00000|100%| E|CS|TAMS 0x0000000715b00000, 0x0000000715b00000| Complete 
| 304|0x0000000715c00000, 0x0000000715d00000, 0x0000000715d00000|100%| E|CS|TAMS 0x0000000715c00000, 0x0000000715c00000| Complete 

Card table byte_map: [0x0000020edf3c0000,0x0000020edfbb0000] _byte_map_base: 0x0000020edbbaa000

Marking Bits (Prev, Next): (CMBitMap*) 0x0000020ec7094550, (CMBitMap*) 0x0000020ec7094518
 Prev Bits: [0x0000020ee42f0000, 0x0000020ee8240000)
 Next Bits: [0x0000020ee03a0000, 0x0000020ee42f0000)

Polling page: 0x0000020ec70f0000

Metaspace:

Usage:
  Non-class:     75.49 MB capacity,    74.27 MB ( 98%) used,   966.23 KB (  1%) free+waste,   276.63 KB ( <1%) overhead. 
      Class:     11.58 MB capacity,    10.73 MB ( 93%) used,   739.12 KB (  6%) free+waste,   129.50 KB (  1%) overhead. 
       Both:     87.07 MB capacity,    85.01 MB ( 98%) used,     1.67 MB (  2%) free+waste,   406.13 KB ( <1%) overhead. 

Virtual space:
  Non-class space:       76.00 MB reserved,      75.50 MB (>99%) committed 
      Class space:        1.00 GB reserved,      11.63 MB (  1%) committed 
             Both:        1.07 GB reserved,      87.13 MB (  8%) committed 

Chunk freelists:
   Non-Class:  1.63 KB
       Class:  1.38 KB
        Both:  3.00 KB

CodeHeap 'non-profiled nmethods': size=120064Kb used=6420Kb max_used=6420Kb free=113643Kb
 bounds [0x0000020ed6e40000, 0x0000020ed7490000, 0x0000020ede380000]
CodeHeap 'profiled nmethods': size=120000Kb used=15923Kb max_used=16113Kb free=104076Kb
 bounds [0x0000020ecf910000, 0x0000020ed08d0000, 0x0000020ed6e40000]
CodeHeap 'non-nmethods': size=5696Kb used=1270Kb max_used=1348Kb free=4425Kb
 bounds [0x0000020ecf380000, 0x0000020ecf5f0000, 0x0000020ecf910000]
 total_blobs=9581 nmethods=6691 adapters=565
 compilation: enabled
              stopped_count=0, restarted_count=0
 full_count=0

Compilation events (10 events):
Event: 29.808 Thread 0x0000020eeb4c6000 7447       3       org.apache.catalina.connector.OutputBuffer::transfer (41 bytes)
Event: 29.809 Thread 0x0000020eeb4c6000 nmethod 7447 0x0000020ed01f3710 code [0x0000020ed01f3960, 0x0000020ed01f4240]
Event: 29.809 Thread 0x0000020eeb4c6000 7448       3       org.apache.catalina.connector.OutputBuffer::toWriteMode (20 bytes)
Event: 29.809 Thread 0x0000020eeb4c6000 nmethod 7448 0x0000020ed01f2f90 code [0x0000020ed01f3180, 0x0000020ed01f3590]
Event: 29.809 Thread 0x0000020eeb4c6000 7449       3       java.nio.ByteBuffer::mark (5 bytes)
Event: 29.809 Thread 0x0000020eeb4c6000 nmethod 7449 0x0000020ed01f2b10 code [0x0000020ed01f2cc0, 0x0000020ed01f2ef0]
Event: 29.812 Thread 0x0000020eeb4c6000 7452       3       java.nio.Buffer::clear (20 bytes)
Event: 29.812 Thread 0x0000020eeb4c6000 nmethod 7452 0x0000020ed01f2710 code [0x0000020ed01f28c0, 0x0000020ed01f2a38]
Event: 29.812 Thread 0x0000020eeb4c6000 7451       3       java.nio.ByteBuffer::clear (7 bytes)
Event: 29.813 Thread 0x0000020eeb4c6000 nmethod 7451 0x0000020ed01f2290 code [0x0000020ed01f2440, 0x0000020ed01f2618]

GC Heap History (10 events):
Event: 12.031 GC heap before
{Heap before GC invocations=10 (full 0):
 garbage-first heap   total 260096K, used 118603K [0x0000000702c00000, 0x0000000800000000)
  region size 1024K, 103 young (105472K), 13 survivors (13312K)
 Metaspace       used 58510K, capacity 60024K, committed 60160K, reserved 1101824K
  class space    used 7196K, capacity 7824K, committed 7936K, reserved 1048576K
}
Event: 12.044 GC heap after
{Heap after GC invocations=11 (full 0):
 garbage-first heap   total 312320K, used 33603K [0x0000000702c00000, 0x0000000800000000)
  region size 1024K, 14 young (14336K), 14 survivors (14336K)
 Metaspace       used 58510K, capacity 60024K, committed 60160K, reserved 1101824K
  class space    used 7196K, capacity 7824K, committed 7936K, reserved 1048576K
}
Event: 15.784 GC heap before
{Heap before GC invocations=12 (full 0):
 garbage-first heap   total 312320K, used 206659K [0x0000000702c00000, 0x0000000800000000)
  region size 1024K, 183 young (187392K), 14 survivors (14336K)
 Metaspace       used 74570K, capacity 76231K, committed 76544K, reserved 1116160K
  class space    used 9476K, capacity 10155K, committed 10240K, reserved 1048576K
}
Event: 15.798 GC heap after
{Heap after GC invocations=13 (full 0):
 garbage-first heap   total 312320K, used 37831K [0x0000000702c00000, 0x0000000800000000)
  region size 1024K, 13 young (13312K), 13 survivors (13312K)
 Metaspace       used 74570K, capacity 76231K, committed 76544K, reserved 1116160K
  class space    used 9476K, capacity 10155K, committed 10240K, reserved 1048576K
}
Event: 17.268 GC heap before
{Heap before GC invocations=13 (full 0):
 garbage-first heap   total 312320K, used 212935K [0x0000000702c00000, 0x0000000800000000)
  region size 1024K, 183 young (187392K), 13 survivors (13312K)
 Metaspace       used 78477K, capacity 80305K, committed 80640K, reserved 1120256K
  class space    used 9908K, capacity 10632K, committed 10752K, reserved 1048576K
}
Event: 17.294 GC heap after
{Heap after GC invocations=14 (full 0):
 garbage-first heap   total 312320K, used 58165K [0x0000000702c00000, 0x0000000800000000)
  region size 1024K, 23 young (23552K), 23 survivors (23552K)
 Metaspace       used 78477K, capacity 80305K, committed 80640K, reserved 1120256K
  class space    used 9908K, capacity 10632K, committed 10752K, reserved 1048576K
}
Event: 17.906 GC heap before
{Heap before GC invocations=14 (full 0):
 garbage-first heap   total 312320K, used 225077K [0x0000000702c00000, 0x0000000800000000)
  region size 1024K, 183 young (187392K), 23 survivors (23552K)
 Metaspace       used 78698K, capacity 80539K, committed 80640K, reserved 1120256K
  class space    used 9919K, capacity 10667K, committed 10752K, reserved 1048576K
}
Event: 17.928 GC heap after
{Heap after GC invocations=15 (full 0):
 garbage-first heap   total 312320K, used 73473K [0x0000000702c00000, 0x0000000800000000)
  region size 1024K, 15 young (15360K), 15 survivors (15360K)
 Metaspace       used 78698K, capacity 80539K, committed 80640K, reserved 1120256K
  class space    used 9919K, capacity 10667K, committed 10752K, reserved 1048576K
}
Event: 21.365 GC heap before
{Heap before GC invocations=15 (full 0):
 garbage-first heap   total 312320K, used 238337K [0x0000000702c00000, 0x0000000800000000)
  region size 1024K, 176 young (180224K), 15 survivors (15360K)
 Metaspace       used 82116K, capacity 84115K, committed 84224K, reserved 1122304K
  class space    used 10415K, capacity 11219K, committed 11264K, reserved 1048576K
}
Event: 21.373 GC heap after
{Heap after GC invocations=16 (full 0):
 garbage-first heap   total 312320K, used 68089K [0x0000000702c00000, 0x0000000800000000)
  region size 1024K, 6 young (6144K), 6 survivors (6144K)
 Metaspace       used 82116K, capacity 84115K, committed 84224K, reserved 1122304K
  class space    used 10415K, capacity 11219K, committed 11264K, reserved 1048576K
}

Deoptimization events (10 events):
Event: 23.653 Thread 0x0000020ec702f000 Uncommon trap: reason=null_check action=make_not_entrant pc=0x0000020ed6fb9de4 method=java.util.AbstractCollection.toArray([Ljava/lang/Object;)[Ljava/lang/Object; @ 116 c2
Event: 23.656 Thread 0x0000020ec702f000 Uncommon trap: reason=class_check action=maybe_recompile pc=0x0000020ed714f3a4 method=java.util.WeakHashMap.eq(Ljava/lang/Object;Ljava/lang/Object;)Z @ 7 c2
Event: 23.675 Thread 0x0000020ec702f000 Uncommon trap: reason=unstable_if action=reinterpret pc=0x0000020ed6ead354 method=org.springframework.core.ResolvableType.resolveType()Lorg/springframework/core/ResolvableType; @ 37 c2
Event: 23.675 Thread 0x0000020ec702f000 Uncommon trap: reason=class_check action=maybe_recompile pc=0x0000020ed7030f64 method=org.springframework.core.ResolvableType$WildcardBounds.get(Lorg/springframework/core/ResolvableType;)Lorg/springframework/core/ResolvableType$WildcardBounds; @ 33 c2
Event: 23.675 Thread 0x0000020ec702f000 Uncommon trap: reason=class_check action=maybe_recompile pc=0x0000020ed7030f64 method=org.springframework.core.ResolvableType$WildcardBounds.get(Lorg/springframework/core/ResolvableType;)Lorg/springframework/core/ResolvableType$WildcardBounds; @ 33 c2
Event: 23.675 Thread 0x0000020ec702f000 Uncommon trap: reason=class_check action=maybe_recompile pc=0x0000020ed7030f64 method=org.springframework.core.ResolvableType$WildcardBounds.get(Lorg/springframework/core/ResolvableType;)Lorg/springframework/core/ResolvableType$WildcardBounds; @ 33 c2
Event: 23.678 Thread 0x0000020ec702f000 Uncommon trap: reason=class_check action=maybe_recompile pc=0x0000020ed7030f64 method=org.springframework.core.ResolvableType$WildcardBounds.get(Lorg/springframework/core/ResolvableType;)Lorg/springframework/core/ResolvableType$WildcardBounds; @ 33 c2
Event: 29.467 Thread 0x0000020ef2a17800 Uncommon trap: reason=predicate action=maybe_recompile pc=0x0000020ed7062214 method=java.util.TreeMap.getEntry(Ljava/lang/Object;)Ljava/util/TreeMap$Entry; @ 36 c2
Event: 29.717 Thread 0x0000020ef2a17800 Uncommon trap: reason=bimorphic_or_optimized_type_check action=maybe_recompile pc=0x0000020ed72076c8 method=java.util.concurrent.ConcurrentHashMap.putVal(Ljava/lang/Object;Ljava/lang/Object;Z)Ljava/lang/Object; @ 159 c2
Event: 29.717 Thread 0x0000020ef2a17800 Uncommon trap: reason=bimorphic_or_optimized_type_check action=maybe_recompile pc=0x0000020ed72076c8 method=java.util.concurrent.ConcurrentHashMap.putVal(Ljava/lang/Object;Ljava/lang/Object;Z)Ljava/lang/Object; @ 159 c2

Classes redefined (0 events):
No events

Internal exceptions (10 events):
Event: 21.645 Thread 0x0000020ec702f000 Exception <a 'java/lang/NoSuchMethodError'{0x0000000713f200f8}: java.lang.invoke.DirectMethodHandle$Holder.invokeSpecial(Ljava/lang/Object;Ljava/lang/Object;Ljava/lang/Object;ILjava/lang/Object;I)Ljava/lang/Object;> (0x0000000713f200f8) thrown at [t:/work
Event: 21.648 Thread 0x0000020ec702f000 Exception <a 'java/lang/NoSuchMethodError'{0x0000000713f3ad40}: java.lang.invoke.DirectMethodHandle$Holder.invokeVirtual(Ljava/lang/Object;Ljava/lang/Object;)V> (0x0000000713f3ad40) thrown at [t:/workspace/open/src/hotspot/share/interpreter/linkResolver.c
Event: 23.601 Thread 0x0000020ec702f000 Exception <a 'java/lang/IncompatibleClassChangeError'{0x0000000713aacbf0}: Found class java.lang.Object, but interface was expected> (0x0000000713aacbf0) thrown at [t:/workspace/open/src/hotspot/share/interpreter/linkResolver.cpp, line 838]
Event: 23.622 Thread 0x0000020ec702f000 Exception <a 'java/lang/NoSuchMethodError'{0x0000000713909570}: java.lang.invoke.DirectMethodHandle$Holder.invokeStatic(Ljava/lang/Object;Ljava/lang/Object;Ljava/lang/Object;Ljava/lang/Object;Ljava/lang/Object;Ljava/lang/Object;Ljava/lang/Object;Ljava/lan
Event: 23.624 Thread 0x0000020ec702f000 Exception <a 'java/lang/NoSuchMethodError'{0x00000007139274f0}: java.lang.invoke.DirectMethodHandle$Holder.invokeStatic(Ljava/lang/Object;Ljava/lang/Object;Ljava/lang/Object;Ljava/lang/Object;Ljava/lang/Object;Ljava/lang/Object;Ljava/lang/Object;Ljava/lan
Event: 23.625 Thread 0x0000020ec702f000 Exception <a 'java/lang/NoSuchMethodError'{0x0000000713946520}: java.lang.invoke.DirectMethodHandle$Holder.invokeStatic(Ljava/lang/Object;Ljava/lang/Object;Ljava/lang/Object;Ljava/lang/Object;Ljava/lang/Object;Ljava/lang/Object;Ljava/lang/Object;Ljava/lan
Event: 23.626 Thread 0x0000020ec702f000 Exception <a 'java/lang/NoSuchMethodError'{0x0000000713966c78}: java.lang.invoke.DirectMethodHandle$Holder.invokeStatic(Ljava/lang/Object;Ljava/lang/Object;Ljava/lang/Object;Ljava/lang/Object;Ljava/lang/Object;Ljava/lang/Object;Ljava/lang/Object;Ljava/lan
Event: 23.653 Thread 0x0000020ec702f000 Implicit null exception at 0x0000020ed6fb9bd9 to 0x0000020ed6fb9dda
Event: 29.766 Thread 0x0000020ef2a17800 Exception <a 'java/lang/NoSuchMethodError'{0x0000000711e03c70}: java.lang.invoke.DirectMethodHandle$Holder.invokeSpecial(Ljava/lang/Object;Ljava/lang/Object;Ljava/lang/Object;Ljava/lang/Object;Ljava/lang/Object;Ljava/lang/Object;Ljava/lang/Object;Ljava/la
Event: 29.767 Thread 0x0000020ef2a17800 Exception <a 'java/lang/NoSuchMethodError'{0x0000000711e0d128}: java.lang.invoke.Invokers$Holder.linkToTargetMethod(Ljava/lang/Object;Ljava/lang/Object;Ljava/lang/Object;Ljava/lang/Object;Ljava/lang/Object;Ljava/lang/Object;Ljava/lang/Object;)Ljava/lang/O

Events (10 events):
Event: 29.775 Executing VM operation: RevokeBias
Event: 29.775 Executing VM operation: RevokeBias done
Event: 29.775 Executing VM operation: RevokeBias
Event: 29.775 Executing VM operation: RevokeBias done
Event: 29.782 Executing VM operation: RevokeBias
Event: 29.782 Executing VM operation: RevokeBias done
Event: 29.810 Thread 0x0000020ef2a17800 DEOPT PACKING pc=0x0000020ecfe8dd07 sp=0x000000f8b8efb6f0
Event: 29.810 Thread 0x0000020ef2a17800 DEOPT UNPACKING pc=0x0000020ecf3a8fce sp=0x000000f8b8efab78 mode 0
Event: 29.814 Thread 0x0000020ef2a17800 DEOPT PACKING pc=0x0000020ed040ad7c sp=0x000000f8b8efac50
Event: 29.814 Thread 0x0000020ef2a17800 DEOPT UNPACKING pc=0x0000020ecf3a8fce sp=0x000000f8b8efa1f0 mode 0


Dynamic libraries:
0x00007ff6af2d0000 - 0x00007ff6af315000 	C:\Program Files\Java\jdk-11.0.2\bin\javaw.exe
0x00007ffe1ca10000 - 0x00007ffe1cc08000 	C:\WINDOWS\SYSTEM32\ntdll.dll
0x00007ffe1b530000 - 0x00007ffe1b5f2000 	C:\WINDOWS\System32\KERNEL32.DLL
0x00007ffe1a460000 - 0x00007ffe1a756000 	C:\WINDOWS\System32\KERNELBASE.dll
0x00007ffe1aa40000 - 0x00007ffe1abdd000 	C:\WINDOWS\System32\USER32.dll
0x00007ffe1a430000 - 0x00007ffe1a452000 	C:\WINDOWS\System32\win32u.dll
0x00007ffe1b820000 - 0x00007ffe1b84b000 	C:\WINDOWS\System32\GDI32.dll
0x00007ffe1a310000 - 0x00007ffe1a429000 	C:\WINDOWS\System32\gdi32full.dll
0x00007ffe1a970000 - 0x00007ffe1aa0d000 	C:\WINDOWS\System32\msvcp_win.dll
0x00007ffe1a1c0000 - 0x00007ffe1a2c0000 	C:\WINDOWS\System32\ucrtbase.dll
0x00007ffe02470000 - 0x00007ffe0270b000 	C:\WINDOWS\WinSxS\amd64_microsoft.windows.common-controls_6595b64144ccf1df_6.0.19041.6280_none_60bc30a171f2f3f3\COMCTL32.dll
0x00007ffe1bed0000 - 0x00007ffe1bf6e000 	C:\WINDOWS\System32\msvcrt.dll
0x00007ffe1bb40000 - 0x00007ffe1bb6f000 	C:\WINDOWS\System32\IMM32.DLL
0x00007ffe05e40000 - 0x00007ffe05e56000 	C:\Program Files\Java\jdk-11.0.2\bin\vcruntime140.dll
0x00007ffde7130000 - 0x00007ffde71da000 	C:\Program Files\Java\jdk-11.0.2\bin\msvcp140.dll
0x00007ffdc6610000 - 0x00007ffdc7133000 	C:\Program Files\Java\jdk-11.0.2\bin\server\jvm.dll
0x00007ffe1b600000 - 0x00007ffe1b6b1000 	C:\WINDOWS\System32\ADVAPI32.dll
0x00007ffe1b780000 - 0x00007ffe1b81f000 	C:\WINDOWS\System32\sechost.dll
0x00007ffe1b3b0000 - 0x00007ffe1b4d0000 	C:\WINDOWS\System32\RPCRT4.dll
0x00007ffe1aa10000 - 0x00007ffe1aa37000 	C:\WINDOWS\System32\bcrypt.dll
0x00007ffe1c520000 - 0x00007ffe1c528000 	C:\WINDOWS\System32\PSAPI.DLL
0x00007ffdf3cb0000 - 0x00007ffdf3cb9000 	C:\WINDOWS\SYSTEM32\WSOCK32.dll
0x00007ffe011b0000 - 0x00007ffe011d7000 	C:\WINDOWS\SYSTEM32\WINMM.dll
0x00007ffe13410000 - 0x00007ffe1341a000 	C:\WINDOWS\SYSTEM32\VERSION.dll
0x00007ffe1b870000 - 0x00007ffe1b8db000 	C:\WINDOWS\System32\WS2_32.dll
0x00007ffe18710000 - 0x00007ffe18722000 	C:\WINDOWS\SYSTEM32\kernel.appcore.dll
0x00007ffe05c20000 - 0x00007ffe05c31000 	C:\Program Files\Java\jdk-11.0.2\bin\verify.dll
0x00007ffe00f30000 - 0x00007ffe01131000 	C:\WINDOWS\SYSTEM32\DBGHELP.DLL
0x00007ffe00600000 - 0x00007ffe00634000 	C:\WINDOWS\SYSTEM32\dbgcore.DLL
0x00007ffe1a0b0000 - 0x00007ffe1a132000 	C:\WINDOWS\System32\bcryptPrimitives.dll
0x00007ffdf3d50000 - 0x00007ffdf3d78000 	C:\Program Files\Java\jdk-11.0.2\bin\java.dll
0x00007ffe04400000 - 0x00007ffe04416000 	C:\Program Files\Java\jdk-11.0.2\bin\zip.dll
0x00007ffe161d0000 - 0x00007ffe161da000 	C:\Program Files\Java\jdk-11.0.2\bin\jimage.dll
0x00007ffe1ac40000 - 0x00007ffe1b3b0000 	C:\WINDOWS\System32\SHELL32.dll
0x00007ffe17d00000 - 0x00007ffe184a5000 	C:\WINDOWS\SYSTEM32\windows.storage.dll
0x00007ffe1bb70000 - 0x00007ffe1bec3000 	C:\WINDOWS\System32\combase.dll
0x00007ffe19930000 - 0x00007ffe1995b000 	C:\WINDOWS\SYSTEM32\Wldp.dll
0x00007ffe1c750000 - 0x00007ffe1c81d000 	C:\WINDOWS\System32\OLEAUT32.dll
0x00007ffe1c530000 - 0x00007ffe1c5dd000 	C:\WINDOWS\System32\SHCORE.dll
0x00007ffe1abe0000 - 0x00007ffe1ac3b000 	C:\WINDOWS\System32\shlwapi.dll
0x00007ffe19fe0000 - 0x00007ffe1a004000 	C:\WINDOWS\SYSTEM32\profapi.dll
0x00007ffdfc7d0000 - 0x00007ffdfc7e9000 	C:\Program Files\Java\jdk-11.0.2\bin\net.dll
0x00007ffe119d0000 - 0x00007ffe11ada000 	C:\WINDOWS\SYSTEM32\WINHTTP.dll
0x00007ffe07700000 - 0x00007ffe078f1000 	C:\WINDOWS\SYSTEM32\urlmon.dll
0x00007ffe0b3e0000 - 0x00007ffe0b69e000 	C:\WINDOWS\SYSTEM32\iertutil.dll
0x00007ffe18ca0000 - 0x00007ffe18cc8000 	C:\WINDOWS\SYSTEM32\srvcli.dll
0x00007ffe19570000 - 0x00007ffe1957c000 	C:\WINDOWS\SYSTEM32\netutils.dll
0x00007ffe19710000 - 0x00007ffe1977a000 	C:\WINDOWS\system32\mswsock.dll
0x00007ffdf0f60000 - 0x00007ffdf0f73000 	C:\Program Files\Java\jdk-11.0.2\bin\nio.dll
0x00007ffe19410000 - 0x00007ffe1944b000 	C:\WINDOWS\SYSTEM32\IPHLPAPI.DLL
0x00007ffe1bf70000 - 0x00007ffe1bf78000 	C:\WINDOWS\System32\NSI.dll
0x00007ffe148d0000 - 0x00007ffe148e7000 	C:\WINDOWS\SYSTEM32\dhcpcsvc6.DLL
0x00007ffe148b0000 - 0x00007ffe148cd000 	C:\WINDOWS\SYSTEM32\dhcpcsvc.DLL
0x00007ffe19450000 - 0x00007ffe1951a000 	C:\WINDOWS\SYSTEM32\DNSAPI.dll
0x00007ffe161a0000 - 0x00007ffe161a9000 	C:\Program Files\Java\jdk-11.0.2\bin\management.dll
0x00007ffe14430000 - 0x00007ffe1443c000 	C:\Program Files\Java\jdk-11.0.2\bin\management_ext.dll
0x00007ffdffb70000 - 0x00007ffdffb87000 	C:\WINDOWS\system32\napinsp.dll
0x00007ffdffb10000 - 0x00007ffdffb2b000 	C:\WINDOWS\system32\pnrpnsp.dll
0x00007ffe160a0000 - 0x00007ffe160bd000 	C:\WINDOWS\system32\wshbth.dll
0x00007ffe16140000 - 0x00007ffe1615d000 	C:\WINDOWS\system32\NLAapi.dll
0x00007ffdff9d0000 - 0x00007ffdff9e2000 	C:\WINDOWS\System32\winrnr.dll
0x00007ffe12000000 - 0x00007ffe1200a000 	C:\Windows\System32\rasadhlp.dll
0x00007ffe160c0000 - 0x00007ffe16140000 	C:\WINDOWS\System32\fwpuclnt.dll
0x00007ffe19970000 - 0x00007ffe19988000 	C:\WINDOWS\SYSTEM32\CRYPTSP.dll
0x00007ffe19050000 - 0x00007ffe19088000 	C:\WINDOWS\system32\rsaenh.dll
0x00007ffe19f60000 - 0x00007ffe19f8e000 	C:\WINDOWS\SYSTEM32\USERENV.dll
0x00007ffe198a0000 - 0x00007ffe198ac000 	C:\WINDOWS\SYSTEM32\CRYPTBASE.dll
0x00007ffe143e0000 - 0x00007ffe143ed000 	C:\Program Files\Java\jdk-11.0.2\bin\sunmscapi.dll
0x00007ffe1a760000 - 0x00007ffe1a8bd000 	C:\WINDOWS\System32\CRYPT32.dll
0x00007ffe19a80000 - 0x00007ffe19aa7000 	C:\WINDOWS\SYSTEM32\ncrypt.dll
0x00007ffe19a40000 - 0x00007ffe19a7b000 	C:\WINDOWS\SYSTEM32\NTASN1.dll
0x00007ffe05c70000 - 0x00007ffe05c97000 	C:\Program Files\Java\jdk-11.0.2\bin\sunec.dll

dbghelp: loaded successfully - version: 4.0.5 - missing functions: none
symbol engine: initialized successfully - sym options: 0x614 - pdb path: .;C:\Program Files\Java\jdk-11.0.2\bin;C:\WINDOWS\SYSTEM32;C:\WINDOWS\WinSxS\amd64_microsoft.windows.common-controls_6595b64144ccf1df_6.0.19041.6280_none_60bc30a171f2f3f3;C:\Program Files\Java\jdk-11.0.2\bin\server

VM Arguments:
jvm_args: -Dspring.profiles.active=stg -Dfile.encoding=UTF-8 
java_command: th.go.dxc.DxcQmMoiLinkage2ServiceApplication
java_class_path (initial): C:\Mickey\qm-service\dxc-qm-moi-linkage2-service\target\classes;C:\M2MavenRepository\org\springframework\boot\spring-boot-starter\2.6.7\spring-boot-starter-2.6.7.jar;C:\M2MavenRepository\org\springframework\boot\spring-boot\2.6.7\spring-boot-2.6.7.jar;C:\M2MavenRepository\org\springframework\boot\spring-boot-autoconfigure\2.6.7\spring-boot-autoconfigure-2.6.7.jar;C:\M2MavenRepository\org\springframework\boot\spring-boot-starter-logging\2.6.7\spring-boot-starter-logging-2.6.7.jar;C:\M2MavenRepository\ch\qos\logback\logback-classic\1.2.11\logback-classic-1.2.11.jar;C:\M2MavenRepository\ch\qos\logback\logback-core\1.2.11\logback-core-1.2.11.jar;C:\M2MavenRepository\org\apache\logging\log4j\log4j-to-slf4j\2.17.2\log4j-to-slf4j-2.17.2.jar;C:\M2MavenRepository\org\apache\logging\log4j\log4j-api\2.17.2\log4j-api-2.17.2.jar;C:\M2MavenRepository\org\slf4j\jul-to-slf4j\1.7.36\jul-to-slf4j-1.7.36.jar;C:\M2MavenRepository\jakarta\annotation\jakarta.annotation-api\1.3.5\jakarta.annotation-api-1.3.5.jar;C:\M2MavenRepository\org\springframework\spring-core\5.3.19\spring-core-5.3.19.jar;C:\M2MavenRepository\org\springframework\spring-jcl\5.3.19\spring-jcl-5.3.19.jar;C:\M2MavenRepository\org\yaml\snakeyaml\1.29\snakeyaml-1.29.jar;C:\M2MavenRepository\com\h2database\h2\1.4.200\h2-1.4.200.jar;C:\M2MavenRepository\org\projectlombok\lombok\1.18.24\lombok-1.18.24.jar;C:\M2MavenRepository\net\minidev\json-smart\2.4.8\json-smart-2.4.8.jar;C:\M2MavenRepository\net\minidev\accessors-smart\2.4.8\accessors-smart-2.4.8.jar;C:\M2MavenRepository\org\ow2\asm\asm\9.1\asm-9.1.jar;C:\M2MavenRepository\jakarta\xml\bind\jakarta.xml.bind-api\2.3.3\jakarta.xml.bind-api-2.3.3.jar;C:\M2MavenRepository\jakarta\activation\jakarta.activation-api\1.2.2\jakarta.activation-api-1.2.2.jar;C:\M2MavenRepository\net\bytebuddy\byte-buddy\1.11.22\byte-buddy-1.11.22.jar;C:\M2MavenRepository\com\microsoft\sqlserver\mssql-jdbc\9.4.1.jre8\mssql-jdbc-9.4.1.jre8.jar;C:\M2MavenRepository\org\jeasy
Launcher Type: SUN_STANDARD

[Global flags]
     intx CICompilerCount                          = 3                                         {product} {ergonomic}
     uint ConcGCThreads                            = 2                                         {product} {ergonomic}
     uint G1ConcRefinementThreads                  = 6                                         {product} {ergonomic}
   size_t G1HeapRegionSize                         = 1048576                                   {product} {ergonomic}
    uintx GCDrainStackTargetSize                   = 64                                        {product} {ergonomic}
   size_t InitialHeapSize                          = 266338304                                 {product} {ergonomic}
   size_t MarkStackSize                            = 4194304                                   {product} {ergonomic}
   size_t MaxHeapSize                              = 4248829952                                {product} {ergonomic}
   size_t MaxNewSize                               = 2549088256                                {product} {ergonomic}
   size_t MinHeapDeltaBytes                        = 1048576                                   {product} {ergonomic}
    uintx NonNMethodCodeHeapSize                   = 5830092                                {pd product} {ergonomic}
    uintx NonProfiledCodeHeapSize                  = 122914074                              {pd product} {ergonomic}
    uintx ProfiledCodeHeapSize                     = 122914074                              {pd product} {ergonomic}
    uintx ReservedCodeCacheSize                    = 251658240                              {pd product} {ergonomic}
     bool SegmentedCodeCache                       = true                                      {product} {ergonomic}
     bool UseCompressedClassPointers               = true                                 {lp64_product} {ergonomic}
     bool UseCompressedOops                        = true                                 {lp64_product} {ergonomic}
     bool UseG1GC                                  = true                                      {product} {ergonomic}
     bool UseLargePagesIndividualAllocation        = false                                  {pd product} {ergonomic}

Logging:
Log output configuration:
 #0: stdout all=warning uptime,level,tags
 #1: stderr all=off uptime,level,tags

Environment Variables:
JAVA_HOME=C:\Program Files\Java\jdk-11.0.2
PATH=C:/Users/TSI-02/.p2/pool/plugins/org.eclipse.justj.openjdk.hotspot.jre.full.win32.x86_64_17.0.7.v20230425-1502/jre/bin/server;C:/Users/TSI-02/.p2/pool/plugins/org.eclipse.justj.openjdk.hotspot.jre.full.win32.x86_64_17.0.7.v20230425-1502/jre/bin;C:\Program Files (x86)\Razer Chroma SDK\bin;C:\Program Files\Razer Chroma SDK\bin;C:\Program Files (x86)\Razer\ChromaBroadcast\bin;C:\Program Files\Razer\ChromaBroadcast\bin;C:\Program Files (x86)\PHP\v5.6;C:\Program Files (x86)\Common Files\Oracle\Java\javapath;C:\Program Files (x86)\Intel\Intel(R) Management Engine Components\iCLS\;C:\Program Files\Intel\Intel(R) Management Engine Components\iCLS\;C:\Windows\system32;C:\Windows;C:\Windows\System32\Wbem;C:\Windows\System32\WindowsPowerShell\v1.0\;C:\Windows\System32\OpenSSH\;C:\Program Files\Microsoft SQL Server\Client SDK\ODBC\130\Tools\Binn\;C:\Program Files (x86)\Microsoft SQL Server\140\Tools\Binn\;C:\Program Files\Microsoft SQL Server\140\Tools\Binn\;C:\Program Files\Microsoft SQL Server\140\DTS\Binn\;C:\Program Files (x86)\Microsoft SQL Server\Client SDK\ODBC\130\Tools\Binn\;C:\Program Files (x86)\Microsoft SQL Server\140\DTS\Binn\;C:\Program Files (x86)\Microsoft SQL Server\140\Tools\Binn\ManagementStudio;C:\Program Files\PuTTY\;C:\Program Files\Git\cmd;C:\WINDOWS\system32;C:\WINDOWS;C:\WINDOWS\System32\Wbem;C:\WINDOWS\System32\WindowsPowerShell\v1.0\;C:\WINDOWS\System32\OpenSSH\;C:\Program Files\Intel\WiFi\bin\;C:\Program Files\Common Files\Intel\WirelessCommon\;C:\Program Files\dotnet\;C:\WINDOWS\system32\config\systemprofile\AppData\Local\Microsoft\WindowsApps;C:\Program Files\Docker\Docker\resources\bin;C:\ProgramData\DockerDesktop\version-bin;C:\Users\TSI-02\AppData\Roaming\nvm;C:\Program Files\nodejs;C:\Program Files\TortoiseGit\bin;C:\Program Files\MySQL\MySQL Shell 8.0\bin\;C:\Users\TSI-02\AppData\Local\Microsoft\WindowsApps;C:\Users\TSI-02\AppData\Local\Programs\Microsoft VS Code\bin;C:\Users\TSI-02\AppData\Local\Programs\Microsoft VS Code Insiders\bin;C:\U
USERNAME=TSI-02
OS=Windows_NT
PROCESSOR_IDENTIFIER=Intel64 Family 6 Model 158 Stepping 10, GenuineIntel



---------------  S Y S T E M  ---------------

OS: Windows 10 , 64 bit Build 19041 (10.0.19041.5915)

CPU:total 6 (initial active 6) (6 cores per cpu, 1 threads per core) family 6 model 158 stepping 10, cmov, cx8, fxsr, mmx, sse, sse2, sse3, ssse3, sse4.1, sse4.2, popcnt, avx, avx2, aes, clmul, erms, rtm, 3dnowpref, lzcnt, tsc, tscinvbit, bmi1, bmi2, adx, fma

Memory: 4k page, system-wide physical 16207M (1048M free)
TotalPageFile size 20820M (AvailPageFile size 17M)
current process WorkingSet (physical memory assigned to process): 523M, peak: 549M
current process commit charge ("private bytes"): 590M, peak: 617M

vm_info: OpenJDK 64-Bit Server VM (11.0.2+9) for windows-amd64 JRE (11.0.2+9), built on Jan 18 2019 05:23:22 by "mach5one" with MS VC++ 15.5 (VS2017)

END.
